Component: ARM Compiler 5.06 update 6 (build 750) Tool: armlink [4d35ed]

==============================================================================

Section Cross References

    main.o(i.get_sensor_data_task) refers to _printf_percent.o(.ARM.Collect$$_printf_percent$$00000000) for _printf_percent
    main.o(i.get_sensor_data_task) refers to _printf_d.o(.ARM.Collect$$_printf_percent$$00000009) for _printf_d
    main.o(i.get_sensor_data_task) refers to _printf_dec.o(.text) for _printf_int_dec
    main.o(i.get_sensor_data_task) refers to _printf_c.o(.ARM.Collect$$_printf_percent$$00000013) for _printf_c
    main.o(i.get_sensor_data_task) refers to _printf_str.o(.text) for _printf_str
    main.o(i.get_sensor_data_task) refers to queue.o(i.xQueueSemaphoreTake) for xQueueSemaphoreTake
    main.o(i.get_sensor_data_task) refers to __2printf.o(.text) for __2printf
    main.o(i.get_sensor_data_task) refers to dht11.o(i.DHT11_Read_Data) for DHT11_Read_Data
    main.o(i.get_sensor_data_task) refers to gy30.o(i.Get_BH1750Data) for Get_BH1750Data
    main.o(i.get_sensor_data_task) refers to adc.o(i.Get_Adc_Average) for Get_Adc_Average
    main.o(i.get_sensor_data_task) refers to ccs811.o(i.CCS811GetData) for CCS811GetData
    main.o(i.get_sensor_data_task) refers to lora.o(i.Send_Data) for Send_Data
    main.o(i.get_sensor_data_task) refers to ccs811.o(i.CCS811ClearData) for CCS811ClearData
    main.o(i.get_sensor_data_task) refers to delay.o(i.delay_ms) for delay_ms
    main.o(i.get_sensor_data_task) refers to main.o(.data) for Start_Cmd_BinSema
    main.o(i.get_sensor_data_task) refers to ccs811.o(.bss) for CCS
    main.o(i.led0_task) refers to delay.o(i.delay_ms) for delay_ms
    main.o(i.main) refers to misc.o(i.NVIC_PriorityGroupConfig) for NVIC_PriorityGroupConfig
    main.o(i.main) refers to delay.o(i.delay_init) for delay_init
    main.o(i.main) refers to usart.o(i.uart_init) for uart_init
    main.o(i.main) refers to led.o(i.LED_Init) for LED_Init
    main.o(i.main) refers to malloc.o(i.mem_init) for mem_init
    main.o(i.main) refers to timer.o(i.TIM4_Int_Init) for TIM4_Int_Init
    main.o(i.main) refers to __2printf.o(.text) for __2printf
    main.o(i.main) refers to delay.o(i.delay_xms) for delay_xms
    main.o(i.main) refers to lora.o(i.AUX_Check) for AUX_Check
    main.o(i.main) refers to tasks.o(i.xTaskCreate) for xTaskCreate
    main.o(i.main) refers to tasks.o(i.vTaskStartScheduler) for vTaskStartScheduler
    main.o(i.main) refers to main.o(.data) for StartTask_Handler
    main.o(i.main) refers to main.o(i.start_task) for start_task
    main.o(i.start_task) refers to port.o(i.vPortEnterCritical) for vPortEnterCritical
    main.o(i.start_task) refers to event_groups.o(i.xEventGroupCreate) for xEventGroupCreate
    main.o(i.start_task) refers to queue.o(i.xQueueGenericCreate) for xQueueGenericCreate
    main.o(i.start_task) refers to tasks.o(i.xTaskCreate) for xTaskCreate
    main.o(i.start_task) refers to port.o(i.vPortExitCritical) for vPortExitCritical
    main.o(i.start_task) refers to usart3.o(i.usart3_init) for usart3_init
    main.o(i.start_task) refers to lora.o(i.LORA_Init) for LORA_Init
    main.o(i.start_task) refers to dht11.o(i.DHT11_Init) for DHT11_Init
    main.o(i.start_task) refers to gy30.o(i.BH1750_Init) for BH1750_Init
    main.o(i.start_task) refers to adc.o(i.Adc_Init) for Adc_Init
    main.o(i.start_task) refers to ccs811.o(i.CCS811_GPIO_Config) for CCS811_GPIO_Config
    main.o(i.start_task) refers to delay.o(i.delay_xms) for delay_xms
    main.o(i.start_task) refers to ccs811.o(i.CCS811Init) for CCS811Init
    main.o(i.start_task) refers to tasks.o(i.vTaskDelete) for vTaskDelete
    main.o(i.start_task) refers to main.o(.data) for EventGroup_Handler
    main.o(i.start_task) refers to main.o(i.led0_task) for led0_task
    main.o(i.start_task) refers to main.o(i.wait_Startcmd_task) for wait_Startcmd_task
    main.o(i.start_task) refers to main.o(i.get_sensor_data_task) for get_sensor_data_task
    main.o(i.wait_Startcmd_task) refers to _printf_percent.o(.ARM.Collect$$_printf_percent$$00000000) for _printf_percent
    main.o(i.wait_Startcmd_task) refers to _printf_d.o(.ARM.Collect$$_printf_percent$$00000009) for _printf_d
    main.o(i.wait_Startcmd_task) refers to _printf_dec.o(.text) for _printf_int_dec
    main.o(i.wait_Startcmd_task) refers to event_groups.o(i.xEventGroupWaitBits) for xEventGroupWaitBits
    main.o(i.wait_Startcmd_task) refers to __2printf.o(.text) for __2printf
    main.o(i.wait_Startcmd_task) refers to queue.o(i.xQueueGenericSend) for xQueueGenericSend
    main.o(i.wait_Startcmd_task) refers to delay.o(i.delay_ms) for delay_ms
    main.o(i.wait_Startcmd_task) refers to main.o(.data) for EventGroup_Handler
    system_stm32f10x.o(i.SetSysClock) refers to system_stm32f10x.o(i.SetSysClockTo72) for SetSysClockTo72
    system_stm32f10x.o(i.SystemCoreClockUpdate) refers to system_stm32f10x.o(.data) for SystemCoreClock
[...]
    __rt_lib_shutdown_cpp_1                  0x08000213   Thumb Code     0  libshutdown2.o(.ARM.Collect$$libshutdown$$00000002)
    __rt_lib_shutdown_fp_trap_1              0x08000213   Thumb Code     0  libshutdown2.o(.ARM.Collect$$libshutdown$$00000007)
    __rt_lib_shutdown_heap_1                 0x08000213   Thumb Code     0  libshutdown2.o(.ARM.Collect$$libshutdown$$0000000F)
    __rt_lib_shutdown_return                 0x08000213   Thumb Code     0  libshutdown2.o(.ARM.Collect$$libshutdown$$00000010)
    __rt_lib_shutdown_signal_1               0x08000213   Thumb Code     0  libshutdown2.o(.ARM.Collect$$libshutdown$$0000000A)
    __rt_lib_shutdown_stdio_1                0x08000213   Thumb Code     0  libshutdown2.o(.ARM.Collect$$libshutdown$$00000004)
    __rt_lib_shutdown_user_alloc_1           0x08000213   Thumb Code     0  libshutdown2.o(.ARM.Collect$$libshutdown$$0000000C)
    __rt_entry                               0x08000215   Thumb Code     0  __rtentry.o(.ARM.Collect$$rtentry$$00000000)
    __rt_entry_presh_1                       0x08000215   Thumb Code     0  __rtentry2.o(.ARM.Collect$$rtentry$$00000002)
    __rt_entry_sh                            0x08000215   Thumb Code     0  __rtentry4.o(.ARM.Collect$$rtentry$$00000004)
    __rt_entry_li                            0x0800021b   Thumb Code     0  __rtentry2.o(.ARM.Collect$$rtentry$$0000000A)
    __rt_entry_postsh_1                      0x0800021b   Thumb Code     0  __rtentry2.o(.ARM.Collect$$rtentry$$00000009)
    __rt_entry_main                          0x0800021f   Thumb Code     0  __rtentry2.o(.ARM.Collect$$rtentry$$0000000D)
    __rt_entry_postli_1                      0x0800021f   Thumb Code     0  __rtentry2.o(.ARM.Collect$$rtentry$$0000000C)
    __rt_exit                                0x08000227   Thumb Code     0  rtexit.o(.ARM.Collect$$rtexit$$00000000)
    __rt_exit_ls                             0x08000229   Thumb Code     0  rtexit2.o(.ARM.Collect$$rtexit$$00000003)
    __rt_exit_prels_1                        0x08000229   Thumb Code     0  rtexit2.o(.ARM.Collect$$rtexit$$00000002)
    __rt_exit_exit                           0x0800022d   Thumb Code     0  rtexit2.o(.ARM.Collect$$rtexit$$00000004)
    SVC_Handler                              0x08000235   Thumb Code    32  port.o(.emb_text)
    __asm___6_port_c_39a90d8d__prvStartFirstTask 0x08000259   Thumb Code    28  port.o(.emb_text)
    PendSV_Handler                           0x08000279   Thumb Code    72  port.o(.emb_text)
    vPortGetIPSR                             0x080002c5   Thumb Code     6  port.o(.emb_text)
    Reset_Handler                            0x080002cd   Thumb Code     8  startup_stm32f10x_md.o(.text)
    ADC1_2_IRQHandler                        0x080002e7   Thumb Code     0  startup_stm32f10x_md.o(.text)
    CAN1_RX1_IRQHandler                      0x080002e7   Thumb Code     0  startup_stm32f10x_md.o(.text)
    CAN1_SCE_IRQHandler                      0x080002e7   Thumb Code     0  startup_stm32f10x_md.o(.text)
    DMA1_Channel1_IRQHandler                 0x080002e7   Thumb Code     0  startup_stm32f10x_md.o(.text)
    DMA1_Channel2_IRQHandler                 0x080002e7   Thumb Code     0  startup_stm32f10x_md.o(.text)
    DMA1_Channel3_IRQHandler                 0x080002e7   Thumb Code     0  startup_stm32f10x_md.o(.text)
    DMA1_Channel4_IRQHandler                 0x080002e7   Thumb Code     0  startup_stm32f10x_md.o(.text)
    DMA1_Channel5_IRQHandler                 0x080002e7   Thumb Code     0  startup_stm32f10x_md.o(.text)
    DMA1_Channel6_IRQHandler                 0x080002e7   Thumb Code     0  startup_stm32f10x_md.o(.text)
    DMA1_Channel7_IRQHandler                 0x080002e7   Thumb Code     0  startup_stm32f10x_md.o(.text)
    EXTI0_IRQHandler                         0x080002e7   Thumb Code     0  startup_stm32f10x_md.o(.text)
    EXTI15_10_IRQHandler                     0x080002e7   Thumb Code     0  startup_stm32f10x_md.o(.text)
    EXTI1_IRQHandler                         0x080002e7   Thumb Code     0  startup_stm32f10x_md.o(.text)
    EXTI2_IRQHandler                         0x080002e7   Thumb Code     0  startup_stm32f10x_md.o(.text)
    EXTI3_IRQHandler                         0x080002e7   Thumb Code     0  startup_stm32f10x_md.o(.text)
    EXTI4_IRQHandler                         0x080002e7   Thumb Code     0  startup_stm32f10x_md.o(.text)
    EXTI9_5_IRQHandler                       0x080002e7   Thumb Code     0  startup_stm32f10x_md.o(.text)
    FLASH_IRQHandler                         0x080002e7   Thumb Code     0  startup_stm32f10x_md.o(.text)
    I2C1_ER_IRQHandler                       0x080002e7   Thumb Code     0  startup_stm32f10x_md.o(.text)
    I2C1_EV_IRQHandler                       0x080002e7   Thumb Code     0  startup_stm32f10x_md.o(.text)
    I2C2_ER_IRQHandler                       0x080002e7   Thumb Code     0  startup_stm32f10x_md.o(.text)
    I2C2_EV_IRQHandler                       0x080002e7   Thumb Code     0  startup_stm32f10x_md.o(.text)
    PVD_IRQHandler                           0x080002e7   Thumb Code     0  startup_stm32f10x_md.o(.text)
    RCC_IRQHandler                           0x080002e7   Thumb Code     0  startup_stm32f10x_md.o(.text)
    RTCAlarm_IRQHandler                      0x080002e7   Thumb Code     0  startup_stm32f10x_md.o(.text)
    RTC_IRQHandler                           0x080002e7   Thumb Code     0  startup_stm32f10x_md.o(.text)
    SPI1_IRQHandler                          0x080002e7   Thumb Code     0  startup_stm32f10x_md.o(.text)
    SPI2_IRQHandler                          0x080002e7   Thumb Code     0  startup_stm32f10x_md.o(.text)
    TAMPER_IRQHandler                        0x080002e7   Thumb Code     0  startup_stm32f10x_md.o(.text)
    TIM1_BRK_IRQHandler                      0x080002e7   Thumb Code     0  startup_stm32f10x_md.o(.text)
    TIM1_CC_IRQHandler                       0x080002e7   Thumb Code     0  startup_stm32f10x_md.o(.text)
    TIM1_TRG_COM_IRQHandler                  0x080002e7   Thumb Code     0  startup_stm32f10x_md.o(.text)
    TIM1_UP_IRQHandler                       0x080002e7   Thumb Code     0  startup_stm32f10x_md.o(.text)
    TIM2_IRQHandler                          0x080002e7   Thumb Code     0  startup_stm32f10x_md.o(.text)
    USBWakeUp_IRQHandler                     0x080002e7   Thumb Code     0  startup_stm32f10x_md.o(.text)
    USB_HP_CAN1_TX_IRQHandler                0x080002e7   Thumb Code     0  startup_stm32f10x_md.o(.text)
    USB_LP_CAN1_RX0_IRQHandler               0x080002e7   Thumb Code     0  startup_stm32f10x_md.o(.text)
    WWDG_IRQHandler                          0x080002e7   Thumb Code     0  startup_stm32f10x_md.o(.text)
    __user_initial_stackheap                 0x080002e9   Thumb Code     0  startup_stm32f10x_md.o(.text)
    __use_no_semihosting                     0x0800030d   Thumb Code     2  use_no_semi_2.o(.text)
    vsprintf                                 0x08000311   Thumb Code    32  vsprintf.o(.text)
    __2printf                                0x08000335   Thumb Code    20  __2printf.o(.text)
    _printf_str                              0x0800034d   Thumb Code    82  _printf_str.o(.text)
    _printf_int_dec                          0x080003a1   Thumb Code   104  _printf_dec.o(.text)
    __printf                                 0x08000419   Thumb Code   388  __printf_flags_ss_wp.o(.text)
    strstr                                   0x080005a1   Thumb Code    36  strstr.o(.text)
    strlen                                   0x080005c5   Thumb Code    62  strlen.o(.text)
    __aeabi_memcpy                           0x08000603   Thumb Code     0  rt_memcpy_v6.o(.text)
    __rt_memcpy                              0x08000603   Thumb Code   138  rt_memcpy_v6.o(.text)
    _memcpy_lastbytes                        0x08000669   Thumb Code     0  rt_memcpy_v6.o(.text)
    __aeabi_memset                           0x0800068d   Thumb Code    16  aeabi_memset.o(.text)
    __aeabi_memclr                           0x0800069d   Thumb Code     0  rt_memclr.o(.text)
    __rt_memclr                              0x0800069d   Thumb Code    68  rt_memclr.o(.text)
    _memset                                  0x080006a1   Thumb Code     0  rt_memclr.o(.text)
    __aeabi_memclr4                          0x080006e1   Thumb Code     0  rt_memclr_w.o(.text)
    __aeabi_memclr8                          0x080006e1   Thumb Code     0  rt_memclr_w.o(.text)
    __rt_memclr_w                            0x080006e1   Thumb Code    78  rt_memclr_w.o(.text)
    _memset_w                                0x080006e5   Thumb Code     0  rt_memclr_w.o(.text)
    __use_two_region_memory                  0x0800072f   Thumb Code     2  heapauxi.o(.text)
    __rt_heap_escrow$2region                 0x08000731   Thumb Code     2  heapauxi.o(.text)
    __rt_heap_expand$2region                 0x08000733   Thumb Code     2  heapauxi.o(.text)
    __I$use$semihosting                      0x08000735   Thumb Code     0  use_no_semi.o(.text)
    __use_no_semihosting_swi                 0x08000735   Thumb Code     2  use_no_semi.o(.text)
    _printf_pre_padding                      0x08000737   Thumb Code    44  _printf_pad.o(.text)
    _printf_post_padding                     0x08000763   Thumb Code    34  _printf_pad.o(.text)
    _printf_truncate_signed                  0x08000785   Thumb Code    18  _printf_truncate.o(.text)
    _printf_truncate_unsigned                0x08000797   Thumb Code    18  _printf_truncate.o(.text)
    _printf_int_common                       0x080007a9   Thumb Code   178  _printf_intcommon.o(.text)
    _printf_charcount                        0x0800085b   Thumb Code    40  _printf_charcount.o(.text)
    _printf_char_common                      0x0800088f   Thumb Code    32  _printf_char_common.o(.text)
    _sputc                                   0x080008b5   Thumb Code    10  _sputc.o(.text)
    _printf_cs_common                        0x080008bf   Thumb Code    20  _printf_char.o(.text)
    _printf_char                             0x080008d3   Thumb Code    16  _printf_char.o(.text)
    _printf_string                           0x080008e3   Thumb Code     8  _printf_char.o(.text)
    _printf_char_file                        0x080008ed   Thumb Code    32  _printf_char_file.o(.text)
    _printf_wctomb                           0x08000911   Thumb Code   182  _printf_wctomb.o(.text)
    _printf_longlong_dec                     0x080009cd   Thumb Code   108  _printf_longlong_dec.o(.text)
    _printf_longlong_oct                     0x08000a49   Thumb Code    66  _printf_oct_int_ll.o(.text)
    _printf_int_oct                          0x08000a8b   Thumb Code    24  _printf_oct_int_ll.o(.text)
    _printf_ll_oct                           0x08000aa3   Thumb Code    12  _printf_oct_int_ll.o(.text)
    _printf_longlong_hex                     0x08000ab9   Thumb Code    86  _printf_hex_int_ll_ptr.o(.text)
    _printf_int_hex                          0x08000b0f   Thumb Code    28  _printf_hex_int_ll_ptr.o(.text)
    _printf_ll_hex                           0x08000b2b   Thumb Code    12  _printf_hex_int_ll_ptr.o(.text)
    _printf_hex_ptr                          0x08000b37   Thumb Code    18  _printf_hex_int_ll_ptr.o(.text)
    __aeabi_memcpy4                          0x08000b4d   Thumb Code     0  rt_memcpy_w.o(.text)
    __aeabi_memcpy8                          0x08000b4d   Thumb Code     0  rt_memcpy_w.o(.text)
    __rt_memcpy_w                            0x08000b4d   Thumb Code   100  rt_memcpy_w.o(.text)
    _memcpy_lastbytes_aligned                0x08000b95   Thumb Code     0  rt_memcpy_w.o(.text)
    _ll_udiv10                               0x08000bb1   Thumb Code   138  lludiv10.o(.text)
    __lib_sel_fp_printf                      0x08000c3b   Thumb Code     2  _printf_fp_dec.o(.text)
    _printf_fp_dec_real                      0x08000ded   Thumb Code   620  _printf_fp_dec.o(.text)
    _printf_fp_hex_real                      0x08001059   Thumb Code   756  _printf_fp_hex.o(.text)
    _printf_lcs_common                       0x08001355   Thumb Code    20  _printf_wchar.o(.text)
    _printf_wchar                            0x08001369   Thumb Code    16  _printf_wchar.o(.text)
    _printf_wstring                          0x08001379   Thumb Code     8  _printf_wchar.o(.text)
    ferror                                   0x08001381   Thumb Code     8  ferror.o(.text)
    _wcrtomb                                 0x08001389   Thumb Code    64  _wcrtomb.o(.text)
    __user_setup_stackheap                   0x080013c9   Thumb Code    74  sys_stackheap_outer.o(.text)
    __rt_ctype_table                         0x08001415   Thumb Code    16  rt_ctype_table.o(.text)
    __rt_locale                              0x08001425   Thumb Code     8  rt_locale_intlibspace.o(.text)
    _printf_fp_infnan                        0x0800142d   Thumb Code   112  _printf_fp_infnan.o(.text)
    _btod_etento                             0x080014ad   Thumb Code   224  bigflt0.o(.text)
    exit                                     0x08001591   Thumb Code    18  exit.o(.text)
    __user_libspace                          0x080015a5   Thumb Code     8  libspace.o(.text)
    __user_perproc_libspace                  0x080015a5   Thumb Code     0  libspace.o(.text)
    __user_perthread_libspace                0x080015a5   Thumb Code     0  libspace.o(.text)
    strcmp                                   0x080015ad   Thumb Code   128  strcmpv7m.o(.text)
    _btod_d2e                                0x0800162d   Thumb Code    62  btod.o(CL$$btod_d2e)
    _d2e_denorm_low                          0x0800166b   Thumb Code    70  btod.o(CL$$btod_d2e_denorm_low)
    _d2e_norm_op1                            0x080016b1   Thumb Code    96  btod.o(CL$$btod_d2e_norm_op1)
    __btod_div_common                        0x08001711   Thumb Code   696  btod.o(CL$$btod_div_common)
    _e2e                                     0x08001a49   Thumb Code   220  btod.o(CL$$btod_e2e)
    _btod_ediv                               0x08001b25   Thumb Code    42  btod.o(CL$$btod_ediv)
    _btod_emul                               0x08001b4f   Thumb Code    42  btod.o(CL$$btod_emul)
    __btod_mult_common                       0x08001b79   Thumb Code   580  btod.o(CL$$btod_mult_common)
    ADC_Cmd                                  0x08001dbd   Thumb Code    22  stm32f10x_adc.o(i.ADC_Cmd)
    ADC_DeInit                               0x08001dd5   Thumb Code    78  stm32f10x_adc.o(i.ADC_DeInit)
    ADC_GetCalibrationStatus                 0x08001e31   Thumb Code    20  stm32f10x_adc.o(i.ADC_GetCalibrationStatus)
    ADC_GetConversionValue                   0x08001e45   Thumb Code     8  stm32f10x_adc.o(i.ADC_GetConversionValue)
    ADC_GetFlagStatus                        0x08001e4d   Thumb Code    18  stm32f10x_adc.o(i.ADC_GetFlagStatus)
    ADC_GetResetCalibrationStatus            0x08001e5f   Thumb Code    20  stm32f10x_adc.o(i.ADC_GetResetCalibrationStatus)
    ADC_Init                                 0x08001e75   Thumb Code    70  stm32f10x_adc.o(i.ADC_Init)
    ADC_RegularChannelConfig                 0x08001ec5   Thumb Code   184  stm32f10x_adc.o(i.ADC_RegularChannelConfig)
    ADC_ResetCalibration                     0x08001f7d   Thumb Code    10  stm32f10x_adc.o(i.ADC_ResetCalibration)
    ADC_SoftwareStartConvCmd                 0x08001f87   Thumb Code    22  stm32f10x_adc.o(i.ADC_SoftwareStartConvCmd)
    ADC_StartCalibration                     0x08001f9d   Thumb Code    10  stm32f10x_adc.o(i.ADC_StartCalibration)
    AUX_Check                                0x08001fa9   Thumb Code    20  lora.o(i.AUX_Check)
    Adc_Init                                 0x08001fc1   Thumb Code   132  adc.o(i.Adc_Init)
    BH1750_Init                              0x0800204d   Thumb Code    20  gy30.o(i.BH1750_Init)
    BH1750_RecvACK                           0x08002061   Thumb Code     8  gy30.o(i.BH1750_RecvACK)
    BH1750_RecvByte                          0x08002069   Thumb Code    10  gy30.o(i.BH1750_RecvByte)
    BH1750_SendACK                           0x08002073   Thumb Code    18  gy30.o(i.BH1750_SendACK)
    BH1750_SendByte                          0x08002085   Thumb Code    16  gy30.o(i.BH1750_SendByte)
    BH1750_Start                             0x08002095   Thumb Code     8  gy30.o(i.BH1750_Start)
    BH1750_Stop                              0x0800209d   Thumb Code     8  gy30.o(i.BH1750_Stop)
    BusFault_Handler                         0x080020a5   Thumb Code     4  stm32f10x_it.o(i.BusFault_Handler)
    CCS811ClearData                          0x080020a9   Thumb Code    16  ccs811.o(i.CCS811ClearData)
    CCS811GetData                            0x080020bd   Thumb Code   124  ccs811.o(i.CCS811GetData)
    CCS811Init                               0x0800214d   Thumb Code   438  ccs811.o(i.CCS811Init)
    CCS811_GPIO_Config                       0x080023ed   Thumb Code    50  ccs811.o(i.CCS811_GPIO_Config)
    CCS811_I2C_GPIO_Config                   0x08002425   Thumb Code    50  ccs811.o(i.CCS811_I2C_GPIO_Config)
    CCS811_I2C_Stop                          0x0800245d   Thumb Code    42  ccs811.o(i.CCS811_I2C_Stop)
    CCS811_MWriteI2C_byte                    0x0800248d   Thumb Code   108  ccs811.o(i.CCS811_MWriteI2C_byte)
    CCS811_ReadI2C                           0x080024f9   Thumb Code   150  ccs811.o(i.CCS811_ReadI2C)
    CCS811_WriteI2C_byte                     0x0800258f   Thumb Code    90  ccs811.o(i.CCS811_WriteI2C_byte)
    Check_LORA_Return_Is_OK                  0x080025e9   Thumb Code    60  usart3.o(i.Check_LORA_Return_Is_OK)
    DHT11_Check                              0x0800262d   Thumb Code    78  dht11.o(i.DHT11_Check)
    DHT11_IO_IN                              0x08002681   Thumb Code    46  dht11.o(i.DHT11_IO_IN)
    DHT11_IO_OUT                             0x080026b5   Thumb Code    46  dht11.o(i.DHT11_IO_OUT)
    DHT11_Init                               0x080026e9   Thumb Code    58  dht11.o(i.DHT11_Init)
    DHT11_Read_Bit                           0x0800274d   Thumb Code    78  dht11.o(i.DHT11_Read_Bit)
    DHT11_Read_Byte                          0x080027a1   Thumb Code    26  dht11.o(i.DHT11_Read_Byte)
    DHT11_Read_Data                          0x080027bb   Thumb Code    78  dht11.o(i.DHT11_Read_Data)
    DHT11_Rst                                0x08002809   Thumb Code    36  dht11.o(i.DHT11_Rst)
    DebugMon_Handler                         0x08002831   Thumb Code     2  stm32f10x_it.o(i.DebugMon_Handler)
    GPIO_Init                                0x08002833   Thumb Code   278  stm32f10x_gpio.o(i.GPIO_Init)
    GPIO_PinRemapConfig                      0x08002949   Thumb Code   138  stm32f10x_gpio.o(i.GPIO_PinRemapConfig)
    GPIO_ReadInputDataBit                    0x080029d9   Thumb Code    18  stm32f10x_gpio.o(i.GPIO_ReadInputDataBit)
    GPIO_ResetBits                           0x080029eb   Thumb Code     4  stm32f10x_gpio.o(i.GPIO_ResetBits)
    GPIO_SetBits                             0x080029ef   Thumb Code     4  stm32f10x_gpio.o(i.GPIO_SetBits)
    Get_Adc                                  0x080029f5   Thumb Code    46  adc.o(i.Get_Adc)
    Get_Adc_Average                          0x08002a29   Thumb Code    46  adc.o(i.Get_Adc_Average)
    Get_BH1750Data                           0x08002a59   Thumb Code   102  gy30.o(i.Get_BH1750Data)
    HardFault_Handler                        0x08002ac9   Thumb Code     4  stm32f10x_it.o(i.HardFault_Handler)
    I2C_RecvByte                             0x08002acd   Thumb Code    78  ccs811.o(i.I2C_RecvByte)
    I2C_SendACK                              0x08002b21   Thumb Code    52  ccs811.o(i.I2C_SendACK)
    I2C_SendByte                             0x08002b59   Thumb Code    76  ccs811.o(i.I2C_SendByte)
    I2C_Start                                0x08002ba9   Thumb Code    90  ccs811.o(i.I2C_Start)
    I2C_WaitAck                              0x08002c09   Thumb Code    92  ccs811.o(i.I2C_WaitAck)
    IIC_Ack                                  0x08002c69   Thumb Code    66  gy30.o(i.IIC_Ack)
    IIC_Init                                 0x08002cb9   Thumb Code    66  gy30.o(i.IIC_Init)
    IIC_NAck                                 0x08002d11   Thumb Code    66  gy30.o(i.IIC_NAck)
    IIC_Read_Byte                            0x08002d61   Thumb Code    86  gy30.o(i.IIC_Read_Byte)
    IIC_Send_Byte                            0x08002dc5   Thumb Code    90  gy30.o(i.IIC_Send_Byte)
    IIC_Start                                0x08002e2d   Thumb Code    64  gy30.o(i.IIC_Start)
    IIC_Stop                                 0x08002e79   Thumb Code    62  gy30.o(i.IIC_Stop)
    IIC_Wait_Ack                             0x08002ec5   Thumb Code    86  gy30.o(i.IIC_Wait_Ack)
    LED_Init                                 0x08002f29   Thumb Code    50  led.o(i.LED_Init)
    LORA_Check                               0x08002f61   Thumb Code   128  lora.o(i.LORA_Check)
    LORA_Init                                0x08003065   Thumb Code    90  lora.o(i.LORA_Init)
    LORA_Set_Mode                            0x080030c5   Thumb Code   340  lora.o(i.LORA_Set_Mode)
    MemManage_Handler                        0x08003419   Thumb Code     4  stm32f10x_it.o(i.MemManage_Handler)
    Multiple_read_BH1750                     0x0800341d   Thumb Code    62  gy30.o(i.Multiple_read_BH1750)
    NMI_Handler                              0x08003461   Thumb Code     2  stm32f10x_it.o(i.NMI_Handler)
    NVIC_Init                                0x08003465   Thumb Code   100  misc.o(i.NVIC_Init)
    NVIC_PriorityGroupConfig                 0x080034d5   Thumb Code    10  misc.o(i.NVIC_PriorityGroupConfig)
    Quer_Cmd                                 0x080034e9   Thumb Code    72  lora.o(i.Quer_Cmd)
    RCC_ADCCLKConfig                         0x08003571   Thumb Code    18  stm32f10x_rcc.o(i.RCC_ADCCLKConfig)
    RCC_APB1PeriphClockCmd                   0x08003589   Thumb Code    26  stm32f10x_rcc.o(i.RCC_APB1PeriphClockCmd)
    RCC_APB1PeriphResetCmd                   0x080035a9   Thumb Code    26  stm32f10x_rcc.o(i.RCC_APB1PeriphResetCmd)
    RCC_APB2PeriphClockCmd                   0x080035c9   Thumb Code    26  stm32f10x_rcc.o(i.RCC_APB2PeriphClockCmd)
    RCC_APB2PeriphResetCmd                   0x080035e9   Thumb Code    26  stm32f10x_rcc.o(i.RCC_APB2PeriphResetCmd)
    RCC_GetClocksFreq                        0x08003609   Thumb Code   192  stm32f10x_rcc.o(i.RCC_GetClocksFreq)
    Send_Cmd                                 0x080036dd   Thumb Code    72  lora.o(i.Send_Cmd)
    Send_Data                                0x08003761   Thumb Code    74  lora.o(i.Send_Data)
    Single_Write_BH1750                      0x08003895   Thumb Code    26  gy30.o(i.Single_Write_BH1750)
    SysTick_CLKSourceConfig                  0x080038af   Thumb Code    40  misc.o(i.SysTick_CLKSourceConfig)
    SysTick_Handler                          0x080038d7   Thumb Code    16  delay.o(i.SysTick_Handler)
    SystemInit                               0x080038e9   Thumb Code    78  system_stm32f10x.o(i.SystemInit)
    TIM3_IRQHandler                          0x08003949   Thumb Code    34  timer.o(i.TIM3_IRQHandler)
    TIM4_IRQHandler                          0x08003975   Thumb Code   274  timer.o(i.TIM4_IRQHandler)
    TIM4_Int_Init                            0x08003b09   Thumb Code    82  timer.o(i.TIM4_Int_Init)
    TIM_ClearITPendingBit                    0x08003b61   Thumb Code     6  stm32f10x_tim.o(i.TIM_ClearITPendingBit)
    TIM_Cmd                                  0x08003b67   Thumb Code    24  stm32f10x_tim.o(i.TIM_Cmd)
    TIM_GetITStatus                          0x08003b7f   Thumb Code    34  stm32f10x_tim.o(i.TIM_GetITStatus)
    TIM_ITConfig                             0x08003ba1   Thumb Code    18  stm32f10x_tim.o(i.TIM_ITConfig)
    TIM_SetCounter                           0x08003bb3   Thumb Code     4  stm32f10x_tim.o(i.TIM_SetCounter)
    TIM_TimeBaseInit                         0x08003bb9   Thumb Code   122  stm32f10x_tim.o(i.TIM_TimeBaseInit)
    USART1_IRQHandler                        0x08003c5d   Thumb Code   122  usart.o(i.USART1_IRQHandler)
    USART2_IRQHandler                        0x08003ce5   Thumb Code    32  usart2.o(i.USART2_IRQHandler)
    USART3_IRQHandler                        0x08003d0d   Thumb Code    94  usart3.o(i.USART3_IRQHandler)
    USART_Cmd                                0x08003d7d   Thumb Code    24  stm32f10x_usart.o(i.USART_Cmd)
    USART_DeInit                             0x08003d95   Thumb Code   134  stm32f10x_usart.o(i.USART_DeInit)
    USART_GetFlagStatus                      0x08003e31   Thumb Code    26  stm32f10x_usart.o(i.USART_GetFlagStatus)
    USART_GetITStatus                        0x08003e4b   Thumb Code    84  stm32f10x_usart.o(i.USART_GetITStatus)
    USART_ITConfig                           0x08003e9f   Thumb Code    74  stm32f10x_usart.o(i.USART_ITConfig)
    USART_Init                               0x08003ee9   Thumb Code   210  stm32f10x_usart.o(i.USART_Init)
    USART_ReceiveData                        0x08003fc1   Thumb Code    10  stm32f10x_usart.o(i.USART_ReceiveData)
    USART_SendData                           0x08003fcb   Thumb Code     8  stm32f10x_usart.o(i.USART_SendData)
    UsageFault_Handler                       0x08003fd3   Thumb Code     4  stm32f10x_it.o(i.UsageFault_Handler)
    __ARM_fpclassify                         0x08003fd7   Thumb Code    40  fpclassify.o(i.__ARM_fpclassify)
    _is_digit                                0x08003fff   Thumb Code    14  __printf_wp.o(i._is_digit)
    _sys_exit                                0x0800400d   Thumb Code     4  usart.o(i._sys_exit)
    delay_1us                                0x08004011   Thumb Code    22  ccs811.o(i.delay_1us)
    delay_init                               0x08004029   Thumb Code    74  delay.o(i.delay_init)
    delay_ms                                 0x08004085   Thumb Code    60  delay.o(i.delay_ms)
    delay_us                                 0x080040c5   Thumb Code    68  delay.o(i.delay_us)
    delay_xms                                0x0800410d   Thumb Code    24  delay.o(i.delay_xms)
    fputc                                    0x08004125   Thumb Code    24  usart.o(i.fputc)
    get_sensor_data_task                     0x08004141   Thumb Code   418  main.o(i.get_sensor_data_task)
    led0_task                                0x080043a9   Thumb Code    24  main.o(i.led0_task)
    main                                     0x080043c9   Thumb Code    92  main.o(i.main)
    mem_init                                 0x08004445   Thumb Code    38  malloc.o(i.mem_init)
    mem_perused                              0x08004471   Thumb Code    38  malloc.o(i.mem_perused)
    mymemset                                 0x0800449d   Thumb Code    20  malloc.o(i.mymemset)
    pvPortMalloc                             0x08004ff1   Thumb Code   302  heap_4.o(i.pvPortMalloc)
    pvTaskIncrementMutexHeldCount            0x08005171   Thumb Code    26  tasks.o(i.pvTaskIncrementMutexHeldCount)
    pxPortInitialiseStack                    0x08005191   Thumb Code    30  port.o(i.pxPortInitialiseStack)
    start_task                               0x080051b5   Thumb Code   146  main.o(i.start_task)
    u3_printf                                0x0800529d   Thumb Code    72  usart3.o(i.u3_printf)
    u3_send_byte                             0x080052ed   Thumb Code    28  usart3.o(i.u3_send_byte)
    uart_init                                0x0800530d   Thumb Code   154  usart.o(i.uart_init)
    usart3_init                              0x080053b1   Thumb Code   172  usart3.o(i.usart3_init)
    uxListRemove                             0x08005469   Thumb Code    40  list.o(i.uxListRemove)
    uxTaskResetEventItemValue                0x08005491   Thumb Code    24  tasks.o(i.uxTaskResetEventItemValue)
    vEventGroupSetBitsCallback               0x080054ad   Thumb Code    16  event_groups.o(i.vEventGroupSetBitsCallback)
    vListInitialise                          0x080054bd   Thumb Code    26  list.o(i.vListInitialise)
    vListInitialiseItem                      0x080054d7   Thumb Code     6  list.o(i.vListInitialiseItem)
    vListInsert                              0x080054dd   Thumb Code    52  list.o(i.vListInsert)
    vListInsertEnd                           0x08005511   Thumb Code    24  list.o(i.vListInsertEnd)
    vPortEnterCritical                       0x08005529   Thumb Code    68  port.o(i.vPortEnterCritical)
    vPortExitCritical                        0x080055b1   Thumb Code    48  port.o(i.vPortExitCritical)
    vPortFree                                0x08005621   Thumb Code   130  heap_4.o(i.vPortFree)
    vPortSetupTimerInterrupt                 0x080056e9   Thumb Code    36  port.o(i.vPortSetupTimerInterrupt)
    vPortValidateInterruptPriority           0x08005711   Thumb Code    86  port.o(i.vPortValidateInterruptPriority)
    vQueueAddToRegistry                      0x080057b1   Thumb Code    84  queue.o(i.vQueueAddToRegistry)
    vQueueWaitForMessageRestricted           0x0800582d   Thumb Code    74  queue.o(i.vQueueWaitForMessageRestricted)
    vTaskDelay                               0x08005879   Thumb Code    72  tasks.o(i.vTaskDelay)
    vTaskDelete                              0x080058ed   Thumb Code   200  tasks.o(i.vTaskDelete)
    vTaskInternalSetTimeOutState             0x08005a01   Thumb Code    14  tasks.o(i.vTaskInternalSetTimeOutState)
    vTaskMissedYield                         0x08005a19   Thumb Code     8  tasks.o(i.vTaskMissedYield)
    vTaskPlaceOnEventList                    0x08005a25   Thumb Code    42  tasks.o(i.vTaskPlaceOnEventList)
    vTaskPlaceOnEventListRestricted          0x08005a79   Thumb Code    84  tasks.o(i.vTaskPlaceOnEventListRestricted)
    vTaskPlaceOnUnorderedEventList           0x08005af5   Thumb Code   114  tasks.o(i.vTaskPlaceOnUnorderedEventList)
    vTaskPriorityDisinheritAfterTimeout      0x08005b95   Thumb Code   248  tasks.o(i.vTaskPriorityDisinheritAfterTimeout)
    vTaskRemoveFromUnorderedEventList        0x08005cbd   Thumb Code   230  tasks.o(i.vTaskRemoveFromUnorderedEventList)
    vTaskStartScheduler                      0x08005ddd   Thumb Code   112  tasks.o(i.vTaskStartScheduler)
    vTaskSuspendAll                          0x08005e91   Thumb Code    12  tasks.o(i.vTaskSuspendAll)
    vTaskSwitchContext                       0x08005ea1   Thumb Code   110  tasks.o(i.vTaskSwitchContext)
    wait_Startcmd_task                       0x08005f49   Thumb Code   122  main.o(i.wait_Startcmd_task)
    xEventGroupCreate                        0x08006019   Thumb Code    26  event_groups.o(i.xEventGroupCreate)
    xEventGroupSetBits                       0x08006035   Thumb Code   186  event_groups.o(i.xEventGroupSetBits)
    xEventGroupSetBitsFromISR                0x0800611d   Thumb Code    30  event_groups.o(i.xEventGroupSetBitsFromISR)
    xEventGroupWaitBits                      0x08006141   Thumb Code   298  event_groups.o(i.xEventGroupWaitBits)
    xPortStartScheduler                      0x0800629d   Thumb Code   240  port.o(i.xPortStartScheduler)
    xPortSysTickHandler                      0x080063dd   Thumb Code    46  port.o(i.xPortSysTickHandler)
    xQueueGenericCreate                      0x08006411   Thumb Code    92  queue.o(i.xQueueGenericCreate)
    xQueueGenericReset                       0x08006491   Thumb Code   194  queue.o(i.xQueueGenericReset)
    xQueueGenericSend                        0x0800657d   Thumb Code   426  queue.o(i.xQueueGenericSend)
    xQueueGenericSendFromISR                 0x08006751   Thumb Code   270  queue.o(i.xQueueGenericSendFromISR)
    xQueueReceive                            0x08006885   Thumb Code   326  queue.o(i.xQueueReceive)
    xQueueSemaphoreTake                      0x080069f5   Thumb Code   394  queue.o(i.xQueueSemaphoreTake)
    xTaskCheckForTimeOut                     0x08006ba9   Thumb Code   116  tasks.o(i.xTaskCheckForTimeOut)
    xTaskCreate                              0x08006c49   Thumb Code    96  tasks.o(i.xTaskCreate)
    xTaskGetSchedulerState                   0x08006ca9   Thumb Code    24  tasks.o(i.xTaskGetSchedulerState)
    xTaskGetTickCount                        0x08006cc9   Thumb Code     6  tasks.o(i.xTaskGetTickCount)
    xTaskIncrementTick                       0x08006cd5   Thumb Code   388  tasks.o(i.xTaskIncrementTick)
    xTaskPriorityDisinherit                  0x08006ea9   Thumb Code   206  tasks.o(i.xTaskPriorityDisinherit)
    xTaskPriorityInherit                     0x08006fa9   Thumb Code   224  tasks.o(i.xTaskPriorityInherit)
    xTaskRemoveFromEventList                 0x08007095   Thumb Code   254  tasks.o(i.xTaskRemoveFromEventList)
    xTaskResumeAll                           0x080071d1   Thumb Code   328  tasks.o(i.xTaskResumeAll)
    xTimerCreateTimerTask                    0x08007361   Thumb Code    56  timers.o(i.xTimerCreateTimerTask)
    xTimerPendFunctionCallFromISR            0x080073d5   Thumb Code    48  timers.o(i.xTimerPendFunctionCallFromISR)
    _get_lc_numeric                          0x08007409   Thumb Code    44  lc_numeric_c.o(locale$$code)
    _get_lc_ctype                            0x08007435   Thumb Code    44  lc_ctype_c.o(locale$$code)
    __aeabi_d2f                              0x08007461   Thumb Code     0  d2f.o(x$fpl$d2f)
    _d2f                                     0x08007461   Thumb Code    98  d2f.o(x$fpl$d2f)
    __aeabi_ddiv                             0x080074c5   Thumb Code     0  ddiv.o(x$fpl$ddiv)
    _ddiv                                    0x080074c5   Thumb Code   552  ddiv.o(x$fpl$ddiv)
    __fpl_dnaninf                            0x08007775   Thumb Code   156  dnaninf.o(x$fpl$dnaninf)
    __fpl_dretinf                            0x08007811   Thumb Code    12  dretinf.o(x$fpl$dretinf)
    __aeabi_f2d                              0x0800781d   Thumb Code     0  f2d.o(x$fpl$f2d)
    _f2d                                     0x0800781d   Thumb Code    86  f2d.o(x$fpl$f2d)
    __aeabi_f2iz                             0x08007875   Thumb Code     0  ffix.o(x$fpl$ffix)
    _ffix                                    0x08007875   Thumb Code    54  ffix.o(x$fpl$ffix)
    __aeabi_ui2f                             0x080078ad   Thumb Code     0  fflt_clz.o(x$fpl$ffltu)
    _ffltu                                   0x080078ad   Thumb Code    38  fflt_clz.o(x$fpl$ffltu)
    __fpl_fnaninf                            0x080078d3   Thumb Code   140  fnaninf.o(x$fpl$fnaninf)
    __fpl_fretinf                            0x0800795f   Thumb Code    10  fretinf.o(x$fpl$fretinf)
    _printf_fp_dec                           0x08007969   Thumb Code     4  printf1.o(x$fpl$printf1)
    _printf_fp_hex                           0x0800796d   Thumb Code     4  printf2.o(x$fpl$printf2)
    __I$use$fp                               0x08007970   Number         0  usenofp.o(x$fpl$usenofp)
    Region$$Table$$Base                      0x08007abc   Number         0  anon$$obj.o(Region$$Table)
    Region$$Table$$Limit                     0x08007adc   Number         0  anon$$obj.o(Region$$Table)
    __ctype                                  0x08007b05   Data           0  lc_ctype_c.o(locale$$data)
    StartTask_Handler                        0x20000000   Data           4  main.o(.data)
    LED0Task_Handler                         0x20000004   Data           4  main.o(.data)
    WAIT_STARTCMD_Task_Handler               0x20000008   Data           4  main.o(.data)
    GET_SENSOR_DATA_Task_Handler             0x2000000c   Data           4  main.o(.data)
    Start_Cmd_BinSema                        0x20000010   Data           4  main.o(.data)
    EventGroup_Handler                       0x20000014   Data           4  main.o(.data)
    SystemCoreClock                          0x20000018   Data           4  system_stm32f10x.o(.data)
    AHBPrescTable                            0x2000001c   Data          16  system_stm32f10x.o(.data)
    FreeRTOSRunTimeTicks                     0x2000002c   Data           4  timer.o(.data)
    MeasureMode                              0x20000030   Data           1  ccs811.o(.data)
    Status                                   0x20000031   Data           1  ccs811.o(.data)
    Error_ID                                 0x20000032   Data           1  ccs811.o(.data)
    FlagGetId                                0x20000033   Data           1  ccs811.o(.data)
    n                                        0x20000034   Data           1  ccs811.o(.data)
    CSS811_temp                              0x20000035   Data           1  ccs811.o(.data)
    BUF                                      0x20000036   Data           8  gy30.o(.data)
    Lora_Ok_Flag                             0x2000003e   Data           1  lora.o(.data)
    check_cmd_result                         0x20000040   Data           1  usart3.o(.data)
    cmd_flag                                 0x20000041   Data           1  usart3.o(.data)
    USART3_RX_STA                            0x20000042   Data           2  usart3.o(.data)
    ReceiveData_Com                          0x20000044   Data           1  usart3.o(.data)
    str_len                                  0x20000045   Data           1  usart3.o(.data)
    s1                                       0x20000046   Data           1  usart3.o(.data)
    TIM4_EN_COUN                             0x20000047   Data           1  usart3.o(.data)
    TIM4_EN_COUN_NUM                         0x20000048   Data           1  usart3.o(.data)
    __stdout                                 0x20000050   Data           4  usart.o(.data)
    USART_RX_STA                             0x20000054   Data           2  usart.o(.data)
    mallco_dev                               0x2000006c   Data          20  malloc.o(.data)
    pxCurrentTCB                             0x20000080   Data           4  tasks.o(.data)
    uxTopUsedPriority                        0x200000b8   Data           4  tasks.o(.data)
    CSS811_BUF                               0x20000100   Data          12  ccs811.o(.bss)
    Information                              0x2000010c   Data          10  ccs811.o(.bss)
    CCS                                      0x20000116   Data          10  ccs811.o(.bss)
    USART3_RX_BUF                            0x20000120   Data         400  usart3.o(.bss)
    USART3_TX_BUF                            0x200002b0   Data         600  usart3.o(.bss)
    USART_RX_BUF                             0x20000508   Data         200  usart.o(.bss)
    membase                                  0x200005d0   Data        3072  malloc.o(.bss)
    memmapbase                               0x200011d0   Data         384  malloc.o(.bss)
    xQueueRegistry                           0x20001350   Data          64  queue.o(.bss)
    __libspace_start                         0x20003a9c   Data          96  libspace.o(.bss)
    __temporary_stack_top$libspace           0x20003afc   Data           0  libspace.o(.bss)



==============================================================================

Memory Map of the image

  Image Entry point : 0x080000ed

  Load Region LR_IROM1 (Base: 0x08000000, Size: 0x00007d08, Max: 0x00010000, ABSOLUTE)

    Execution Region ER_IROM1 (Exec base: 0x08000000, Load base: 0x08000000, Size: 0x00007c08, Max: 0x00010000, ABSOLUTE)

    Exec Addr    Load Addr    Size         Type   Attr      Idx    E Section Name        Object

    0x08000000   0x08000000   0x000000ec   Data   RO         1011    RESET               startup_stm32f10x_md.o
    0x080000ec   0x080000ec   0x00000008   Code   RO         3707  * !!!main             c_w.l(__main.o)
    0x080000f4   0x080000f4   0x00000034   Code   RO         4029    !!!scatter          c_w.l(__scatter.o)
    0x08000128   0x08000128   0x0000001a   Code   RO         4031    !!handler_copy      c_w.l(__scatter_copy.o)
    0x08000142   0x08000142   0x00000002   PAD
    0x08000144   0x08000144   0x0000001c   Code   RO         4033    !!handler_zi        c_w.l(__scatter_zi.o)
    0x08000160   0x08000160   0x00000000   Code   RO         3688    .ARM.Collect$$_printf_percent$$00000000  c_w.l(_printf_percent.o)
    0x08000160   0x08000160   0x00000006   Code   RO         3778    .ARM.Collect$$_printf_percent$$00000001  c_w.l(_printf_n.o)
    0x08000166   0x08000166   0x00000006   Code   RO         3780    .ARM.Collect$$_printf_percent$$00000002  c_w.l(_printf_p.o)
    0x0800016c   0x0800016c   0x00000006   Code   RO         3783    .ARM.Collect$$_printf_percent$$00000003  c_w.l(_printf_f.o)
    0x08000172   0x08000172   0x00000006   Code   RO         3784    .ARM.Collect$$_printf_percent$$00000004  c_w.l(_printf_e.o)
    0x08000178   0x08000178   0x00000006   Code   RO         3785    .ARM.Collect$$_printf_percent$$00000005  c_w.l(_printf_g.o)
    0x0800017e   0x0800017e   0x00000006   Code   RO         3786    .ARM.Collect$$_printf_percent$$00000006  c_w.l(_printf_a.o)
    0x08000184   0x08000184   0x0000000a   Code   RO         3791    .ARM.Collect$$_printf_percent$$00000007  c_w.l(_printf_ll.o)
    0x0800018e   0x0800018e   0x00000006   Code   RO         3782    .ARM.Collect$$_printf_percent$$00000008  c_w.l(_printf_i.o)
    0x08000194   0x08000194   0x00000006   Code   RO         3686    .ARM.Collect$$_printf_percent$$00000009  c_w.l(_printf_d.o)
    0x0800019a   0x0800019a   0x00000006   Code   RO         3687    .ARM.Collect$$_printf_percent$$0000000A  c_w.l(_printf_u.o)
    0x080001a0   0x080001a0   0x00000006   Code   RO         3781    .ARM.Collect$$_printf_percent$$0000000B  c_w.l(_printf_o.o)
    0x080001a6   0x080001a6   0x00000006   Code   RO         3779    .ARM.Collect$$_printf_percent$$0000000C  c_w.l(_printf_x.o)
    0x080001ac   0x080001ac   0x00000006   Code   RO         3788    .ARM.Collect$$_printf_percent$$0000000D  c_w.l(_printf_lli.o)
    0x080001b2   0x080001b2   0x00000006   Code   RO         3789    .ARM.Collect$$_printf_percent$$0000000E  c_w.l(_printf_lld.o)
    0x080001b8   0x080001b8   0x00000006   Code   RO         3790    .ARM.Collect$$_printf_percent$$0000000F  c_w.l(_printf_llu.o)
    0x080001be   0x080001be   0x00000006   Code   RO         3795    .ARM.Collect$$_printf_percent$$00000010  c_w.l(_printf_llo.o)
    0x080001c4   0x080001c4   0x00000006   Code   RO         3796    .ARM.Collect$$_printf_percent$$00000011  c_w.l(_printf_llx.o)
    0x080001ca   0x080001ca   0x0000000a   Code   RO         3792    .ARM.Collect$$_printf_percent$$00000012  c_w.l(_printf_l.o)
    0x080001d4   0x080001d4   0x00000006   Code   RO         3684    .ARM.Collect$$_printf_percent$$00000013  c_w.l(_printf_c.o)
    0x080001da   0x080001da   0x00000006   Code   RO         3685    .ARM.Collect$$_printf_percent$$00000014  c_w.l(_printf_s.o)
    0x080001e0   0x080001e0   0x00000006   Code   RO         3793    .ARM.Collect$$_printf_percent$$00000015  c_w.l(_printf_lc.o)
    0x080001e6   0x080001e6   0x00000006   Code   RO         3794    .ARM.Collect$$_printf_percent$$00000016  c_w.l(_printf_ls.o)
    0x080001ec   0x080001ec   0x00000004   Code   RO         3787    .ARM.Collect$$_printf_percent$$00000017  c_w.l(_printf_percent_end.o)
    0x080001f0   0x080001f0   0x00000002   Code   RO         3894    .ARM.Collect$$libinit$$00000000  c_w.l(libinit.o)
    0x080001f2   0x080001f2   0x00000000   Code   RO         3910    .ARM.Collect$$libinit$$00000002  c_w.l(libinit2.o)
    0x080001f2   0x080001f2   0x00000000   Code   RO         3912    .ARM.Collect$$libinit$$00000004  c_w.l(libinit2.o)
    0x080001f2   0x080001f2   0x00000000   Code   RO         3915    .ARM.Collect$$libinit$$0000000A  c_w.l(libinit2.o)
    0x080001f2   0x080001f2   0x00000000   Code   RO         3917    .ARM.Collect$$libinit$$0000000C  c_w.l(libinit2.o)
    0x080001f2   0x080001f2   0x00000000   Code   RO         3919    .ARM.Collect$$libinit$$0000000E  c_w.l(libinit2.o)
    0x080001f2   0x080001f2   0x00000006   Code   RO         3920    .ARM.Collect$$libinit$$0000000F  c_w.l(libinit2.o)
    0x080001f8   0x080001f8   0x00000000   Code   RO         3922    .ARM.Collect$$libinit$$00000011  c_w.l(libinit2.o)
    0x080001f8   0x080001f8   0x0000000c   Code   RO         3923    .ARM.Collect$$libinit$$00000012  c_w.l(libinit2.o)
    0x08000204   0x08000204   0x00000000   Code   RO         3924    .ARM.Collect$$libinit$$00000013  c_w.l(libinit2.o)
    0x08000204   0x08000204   0x00000000   Code   RO         3926    .ARM.Collect$$libinit$$00000015  c_w.l(libinit2.o)
    0x08000204   0x08000204   0x0000000a   Code   RO         3927    .ARM.Collect$$libinit$$00000016  c_w.l(libinit2.o)
    0x0800020e   0x0800020e   0x00000000   Code   RO         3928    .ARM.Collect$$libinit$$00000017  c_w.l(libinit2.o)
    0x0800020e   0x0800020e   0x00000000   Code   RO         3930    .ARM.Collect$$libinit$$00000019  c_w.l(libinit2.o)
    0x0800020e   0x0800020e   0x00000000   Code   RO         3932    .ARM.Collect$$libinit$$0000001B  c_w.l(libinit2.o)
    0x0800020e   0x0800020e   0x00000000   Code   RO         3934    .ARM.Collect$$libinit$$0000001D  c_w.l(libinit2.o)
    0x0800020e   0x0800020e   0x00000000   Code   RO         3936    .ARM.Collect$$libinit$$0000001F  c_w.l(libinit2.o)
    0x0800020e   0x0800020e   0x00000000   Code   RO         3938    .ARM.Collect$$libinit$$00000021  c_w.l(libinit2.o)
    0x0800020e   0x0800020e   0x00000000   Code   RO         3940    .ARM.Collect$$libinit$$00000023  c_w.l(libinit2.o)
    0x0800020e   0x0800020e   0x00000000   Code   RO         3942    .ARM.Collect$$libinit$$00000025  c_w.l(libinit2.o)
    0x0800020e   0x0800020e   0x00000000   Code   RO         3946    .ARM.Collect$$libinit$$0000002C  c_w.l(libinit2.o)
    0x0800020e   0x0800020e   0x00000000   Code   RO         3948    .ARM.Collect$$libinit$$0000002E  c_w.l(libinit2.o)
    0x0800020e   0x0800020e   0x00000000   Code   RO         3950    .ARM.Collect$$libinit$$00000030  c_w.l(libinit2.o)
    0x0800020e   0x0800020e   0x00000000   Code   RO         3952    .ARM.Collect$$libinit$$00000032  c_w.l(libinit2.o)
    0x0800020e   0x0800020e   0x00000002   Code   RO         3953    .ARM.Collect$$libinit$$00000033  c_w.l(libinit2.o)
    0x08000210   0x08000210   0x00000002   Code   RO         3971    .ARM.Collect$$libshutdown$$00000000  c_w.l(libshutdown.o)
    0x08000212   0x08000212   0x00000000   Code   RO         3981    .ARM.Collect$$libshutdown$$00000002  c_w.l(libshutdown2.o)
    0x08000212   0x08000212   0x00000000   Code   RO         3983    .ARM.Collect$$libshutdown$$00000004  c_w.l(libshutdown2.o)
    0x08000212   0x08000212   0x00000000   Code   RO         3986    .ARM.Collect$$libshutdown$$00000007  c_w.l(libshutdown2.o)
    0x08000212   0x08000212   0x00000000   Code   RO         3989    .ARM.Collect$$libshutdown$$0000000A  c_w.l(libshutdown2.o)
    0x08000212   0x08000212   0x00000000   Code   RO         3991    .ARM.Collect$$libshutdown$$0000000C  c_w.l(libshutdown2.o)
    0x08000212   0x08000212   0x00000000   Code   RO         3994    .ARM.Collect$$libshutdown$$0000000F  c_w.l(libshutdown2.o)
    0x08000212   0x08000212   0x00000002   Code   RO         3995    .ARM.Collect$$libshutdown$$00000010  c_w.l(libshutdown2.o)
    0x08000214   0x08000214   0x00000000   Code   RO         3729    .ARM.Collect$$rtentry$$00000000  c_w.l(__rtentry.o)
    0x08000214   0x08000214   0x00000000   Code   RO         3817    .ARM.Collect$$rtentry$$00000002  c_w.l(__rtentry2.o)
    0x08000214   0x08000214   0x00000006   Code   RO         3829    .ARM.Collect$$rtentry$$00000004  c_w.l(__rtentry4.o)
    0x0800021a   0x0800021a   0x00000000   Code   RO         3819    .ARM.Collect$$rtentry$$00000009  c_w.l(__rtentry2.o)
    0x0800021a   0x0800021a   0x00000004   Code   RO         3820    .ARM.Collect$$rtentry$$0000000A  c_w.l(__rtentry2.o)
    0x0800021e   0x0800021e   0x00000000   Code   RO         3822    .ARM.Collect$$rtentry$$0000000C  c_w.l(__rtentry2.o)
    0x0800021e   0x0800021e   0x00000008   Code   RO         3823    .ARM.Collect$$rtentry$$0000000D  c_w.l(__rtentry2.o)
    0x08000226   0x08000226   0x00000002   Code   RO         3902    .ARM.Collect$$rtexit$$00000000  c_w.l(rtexit.o)
    0x08000228   0x08000228   0x00000000   Code   RO         3955    .ARM.Collect$$rtexit$$00000002  c_w.l(rtexit2.o)
    0x08000228   0x08000228   0x00000004   Code   RO         3956    .ARM.Collect$$rtexit$$00000003  c_w.l(rtexit2.o)
    0x0800022c   0x0800022c   0x00000006   Code   RO         3957    .ARM.Collect$$rtexit$$00000004  c_w.l(rtexit2.o)
    0x08000232   0x08000232   0x00000002   PAD
    0x08000234   0x08000234   0x00000096   Code   RO         3567    .emb_text           port.o
    0x080002ca   0x080002ca   0x00000002   PAD
    0x080002cc   0x080002cc   0x00000040   Code   RO         1012    .text               startup_stm32f10x_md.o
    0x0800030c   0x0800030c   0x00000002   Code   RO         3646    .text               c_w.l(use_no_semi_2.o)
    0x0800030e   0x0800030e   0x00000002   PAD
    0x08000310   0x08000310   0x00000024   Code   RO         3648    .text               c_w.l(vsprintf.o)
    0x08000334   0x08000334   0x00000018   Code   RO         3650    .text               c_w.l(__2printf.o)
    0x0800034c   0x0800034c   0x00000052   Code   RO         3660    .text               c_w.l(_printf_str.o)
    0x0800039e   0x0800039e   0x00000002   PAD
    0x080003a0   0x080003a0   0x00000078   Code   RO         3662    .text               c_w.l(_printf_dec.o)
    0x08000418   0x08000418   0x00000188   Code   RO         3681    .text               c_w.l(__printf_flags_ss_wp.o)
    0x080005a0   0x080005a0   0x00000024   Code   RO         3689    .text               c_w.l(strstr.o)
    0x080005c4   0x080005c4   0x0000003e   Code   RO         3693    .text               c_w.l(strlen.o)
    0x08000602   0x08000602   0x0000008a   Code   RO         3695    .text               c_w.l(rt_memcpy_v6.o)
    0x0800068c   0x0800068c   0x00000010   Code   RO         3699    .text               c_w.l(aeabi_memset.o)
    0x0800069c   0x0800069c   0x00000044   Code   RO         3701    .text               c_w.l(rt_memclr.o)
    0x080006e0   0x080006e0   0x0000004e   Code   RO         3703    .text               c_w.l(rt_memclr_w.o)
    0x0800072e   0x0800072e   0x00000006   Code   RO         3705    .text               c_w.l(heapauxi.o)
    0x08000734   0x08000734   0x00000002   Code   RO         3727    .text               c_w.l(use_no_semi.o)
    0x08000736   0x08000736   0x0000004e   Code   RO         3730    .text               c_w.l(_printf_pad.o)
    0x08000784   0x08000784   0x00000024   Code   RO         3732    .text               c_w.l(_printf_truncate.o)
    0x080007a8   0x080007a8   0x000000b2   Code   RO         3734    .text               c_w.l(_printf_intcommon.o)
    0x0800085a   0x0800085a   0x00000028   Code   RO         3736    .text               c_w.l(_printf_charcount.o)
    0x08000882   0x08000882   0x00000002   PAD
    0x08000884   0x08000884   0x00000030   Code   RO         3738    .text               c_w.l(_printf_char_common.o)
    0x080008b4   0x080008b4   0x0000000a   Code   RO         3740    .text               c_w.l(_sputc.o)
    0x080008be   0x080008be   0x0000002c   Code   RO         3742    .text               c_w.l(_printf_char.o)
    0x080008ea   0x080008ea   0x00000002   PAD
    0x080008ec   0x080008ec   0x00000024   Code   RO         3744    .text               c_w.l(_printf_char_file.o)
    0x08000910   0x08000910   0x000000bc   Code   RO         3746    .text               c_w.l(_printf_wctomb.o)
    0x080009cc   0x080009cc   0x0000007c   Code   RO         3749    .text               c_w.l(_printf_longlong_dec.o)
    0x08000a48   0x08000a48   0x00000070   Code   RO         3755    .text               c_w.l(_printf_oct_int_ll.o)
    0x08000ab8   0x08000ab8   0x00000094   Code   RO         3775    .text               c_w.l(_printf_hex_int_ll_ptr.o)
    0x08000b4c   0x08000b4c   0x00000064   Code   RO         3797    .text               c_w.l(rt_memcpy_w.o)
    0x08000bb0   0x08000bb0   0x0000008a   Code   RO         3831    .text               c_w.l(lludiv10.o)
    0x08000c3a   0x08000c3a   0x0000041e   Code   RO         3833    .text               c_w.l(_printf_fp_dec.o)
    0x08001058   0x08001058   0x000002fc   Code   RO         3835    .text               c_w.l(_printf_fp_hex.o)
    0x08001354   0x08001354   0x0000002c   Code   RO         3840    .text               c_w.l(_printf_wchar.o)
    0x08001380   0x08001380   0x00000008   Code   RO         3842    .text               c_w.l(ferror.o)
    0x08001388   0x08001388   0x00000040   Code   RO         3846    .text               c_w.l(_wcrtomb.o)
    0x080013c8   0x080013c8   0x0000004a   Code   RO         3848    .text               c_w.l(sys_stackheap_outer.o)
    0x08001412   0x08001412   0x00000002   PAD
    0x08001414   0x08001414   0x00000010   Code   RO         3850    .text               c_w.l(rt_ctype_table.o)
    0x08001424   0x08001424   0x00000008   Code   RO         3855    .text               c_w.l(rt_locale_intlibspace.o)
    0x0800142c   0x0800142c   0x00000080   Code   RO         3857    .text               c_w.l(_printf_fp_infnan.o)
    0x080014ac   0x080014ac   0x000000e4   Code   RO         3859    .text               c_w.l(bigflt0.o)
    0x08001590   0x08001590   0x00000012   Code   RO         3887    .text               c_w.l(exit.o)
    0x080015a2   0x080015a2   0x00000002   PAD
    0x080015a4   0x080015a4   0x00000008   Code   RO         3899    .text               c_w.l(libspace.o)
    0x080015ac   0x080015ac   0x00000080   Code   RO         3907    .text               c_w.l(strcmpv7m.o)
    0x0800162c   0x0800162c   0x0000003e   Code   RO         3862    CL$$btod_d2e        c_w.l(btod.o)
    0x0800166a   0x0800166a   0x00000046   Code   RO         3864    CL$$btod_d2e_denorm_low  c_w.l(btod.o)
    0x080016b0   0x080016b0   0x00000060   Code   RO         3863    CL$$btod_d2e_norm_op1  c_w.l(btod.o)
    0x08001710   0x08001710   0x00000338   Code   RO         3872    CL$$btod_div_common  c_w.l(btod.o)
    0x08001a48   0x08001a48   0x000000dc   Code   RO         3869    CL$$btod_e2e        c_w.l(btod.o)
    0x08001b24   0x08001b24   0x0000002a   Code   RO         3866    CL$$btod_ediv       c_w.l(btod.o)
    0x08001b4e   0x08001b4e   0x0000002a   Code   RO         3865    CL$$btod_emul       c_w.l(btod.o)
    0x08001b78   0x08001b78   0x00000244   Code   RO         3871    CL$$btod_mult_common  c_w.l(btod.o)
    0x08001dbc   0x08001dbc   0x00000016   Code   RO         2100    i.ADC_Cmd           stm32f10x_adc.o
    0x08001dd2   0x08001dd2   0x00000002   PAD
    0x08001dd4   0x08001dd4   0x0000005c   Code   RO         2102    i.ADC_DeInit        stm32f10x_adc.o
    0x08001e30   0x08001e30   0x00000014   Code   RO         2108    i.ADC_GetCalibrationStatus  stm32f10x_adc.o
    0x08001e44   0x08001e44   0x00000008   Code   RO         2109    i.ADC_GetConversionValue  stm32f10x_adc.o
    0x08001e4c   0x08001e4c   0x00000012   Code   RO         2111    i.ADC_GetFlagStatus  stm32f10x_adc.o
    0x08001e5e   0x08001e5e   0x00000014   Code   RO         2114    i.ADC_GetResetCalibrationStatus  stm32f10x_adc.o
    0x08001e72   0x08001e72   0x00000002   PAD
    0x08001e74   0x08001e74   0x00000050   Code   RO         2118    i.ADC_Init          stm32f10x_adc.o
    0x08001ec4   0x08001ec4   0x000000b8   Code   RO         2122    i.ADC_RegularChannelConfig  stm32f10x_adc.o
    0x08001f7c   0x08001f7c   0x0000000a   Code   RO         2123    i.ADC_ResetCalibration  stm32f10x_adc.o
    0x08001f86   0x08001f86   0x00000016   Code   RO         2125    i.ADC_SoftwareStartConvCmd  stm32f10x_adc.o
    0x08001f9c   0x08001f9c   0x0000000a   Code   RO         2127    i.ADC_StartCalibration  stm32f10x_adc.o
    0x08001fa6   0x08001fa6   0x00000002   PAD
    0x08001fa8   0x08001fa8   0x00000018   Code   RO          706    i.AUX_Check         lora.o
    0x08001fc0   0x08001fc0   0x0000008c   Code   RO          407    i.Adc_Init          adc.o
    0x0800204c   0x0800204c   0x00000014   Code   RO          586    i.BH1750_Init       gy30.o
    0x08002060   0x08002060   0x00000008   Code   RO          587    i.BH1750_RecvACK    gy30.o
    0x08002068   0x08002068   0x0000000a   Code   RO          588    i.BH1750_RecvByte   gy30.o
    0x08002072   0x08002072   0x00000012   Code   RO          589    i.BH1750_SendACK    gy30.o
    0x08002084   0x08002084   0x00000010   Code   RO          590    i.BH1750_SendByte   gy30.o
    0x08002094   0x08002094   0x00000008   Code   RO          591    i.BH1750_Start      gy30.o
    0x0800209c   0x0800209c   0x00000008   Code   RO          592    i.BH1750_Stop       gy30.o
    0x080020a4   0x080020a4   0x00000004   Code   RO          227    i.BusFault_Handler  stm32f10x_it.o
    0x080020a8   0x080020a8   0x00000014   Code   RO          431    i.CCS811ClearData   ccs811.o
    0x080020bc   0x080020bc   0x00000090   Code   RO          432    i.CCS811GetData     ccs811.o
    0x0800214c   0x0800214c   0x000002a0   Code   RO          433    i.CCS811Init        ccs811.o
    0x080023ec   0x080023ec   0x00000038   Code   RO          434    i.CCS811_GPIO_Config  ccs811.o
    0x08002424   0x08002424   0x00000038   Code   RO          435    i.CCS811_I2C_GPIO_Config  ccs811.o
    0x0800245c   0x0800245c   0x00000030   Code   RO          436    i.CCS811_I2C_Stop   ccs811.o
    0x0800248c   0x0800248c   0x0000006c   Code   RO          437    i.CCS811_MWriteI2C_byte  ccs811.o
    0x080024f8   0x080024f8   0x00000096   Code   RO          438    i.CCS811_ReadI2C    ccs811.o
    0x0800258e   0x0800258e   0x0000005a   Code   RO          439    i.CCS811_WriteI2C_byte  ccs811.o
    0x080025e8   0x080025e8   0x00000044   Code   RO          811    i.Check_LORA_Return_Is_OK  usart3.o
    0x0800262c   0x0800262c   0x00000054   Code   RO          532    i.DHT11_Check       dht11.o
    0x08002680   0x08002680   0x00000034   Code   RO          533    i.DHT11_IO_IN       dht11.o
    0x080026b4   0x080026b4   0x00000034   Code   RO          534    i.DHT11_IO_OUT      dht11.o
    0x080026e8   0x080026e8   0x00000064   Code   RO          535    i.DHT11_Init        dht11.o
    0x0800274c   0x0800274c   0x00000054   Code   RO          536    i.DHT11_Read_Bit    dht11.o
    0x080027a0   0x080027a0   0x0000001a   Code   RO          537    i.DHT11_Read_Byte   dht11.o
    0x080027ba   0x080027ba   0x0000004e   Code   RO          538    i.DHT11_Read_Data   dht11.o
    0x08002808   0x08002808   0x00000028   Code   RO          539    i.DHT11_Rst         dht11.o
    0x08002830   0x08002830   0x00000002   Code   RO          228    i.DebugMon_Handler  stm32f10x_it.o
    0x08002832   0x08002832   0x00000116   Code   RO         1022    i.GPIO_Init         stm32f10x_gpio.o
    0x08002948   0x08002948   0x00000090   Code   RO         1024    i.GPIO_PinRemapConfig  stm32f10x_gpio.o
    0x080029d8   0x080029d8   0x00000012   Code   RO         1026    i.GPIO_ReadInputDataBit  stm32f10x_gpio.o
    0x080029ea   0x080029ea   0x00000004   Code   RO         1029    i.GPIO_ResetBits    stm32f10x_gpio.o
    0x080029ee   0x080029ee   0x00000004   Code   RO         1030    i.GPIO_SetBits      stm32f10x_gpio.o
    0x080029f2   0x080029f2   0x00000002   PAD
    0x080029f4   0x080029f4   0x00000034   Code   RO          408    i.Get_Adc           adc.o
    0x08002a28   0x08002a28   0x0000002e   Code   RO          409    i.Get_Adc_Average   adc.o
    0x08002a56   0x08002a56   0x00000002   PAD
    0x08002a58   0x08002a58   0x00000070   Code   RO          593    i.Get_BH1750Data    gy30.o
    0x08002ac8   0x08002ac8   0x00000004   Code   RO          229    i.HardFault_Handler  stm32f10x_it.o
    0x08002acc   0x08002acc   0x00000054   Code   RO          440    i.I2C_RecvByte      ccs811.o
    0x08002b20   0x08002b20   0x00000038   Code   RO          441    i.I2C_SendACK       ccs811.o
    0x08002b58   0x08002b58   0x00000050   Code   RO          442    i.I2C_SendByte      ccs811.o
    0x08002ba8   0x08002ba8   0x00000060   Code   RO          443    i.I2C_Start         ccs811.o
    0x08002c08   0x08002c08   0x00000060   Code   RO          444    i.I2C_WaitAck       ccs811.o
    0x08002c68   0x08002c68   0x00000050   Code   RO          594    i.IIC_Ack           gy30.o
    0x08002cb8   0x08002cb8   0x00000058   Code   RO          595    i.IIC_Init          gy30.o
    0x08002d10   0x08002d10   0x00000050   Code   RO          596    i.IIC_NAck          gy30.o
    0x08002d60   0x08002d60   0x00000064   Code   RO          597    i.IIC_Read_Byte     gy30.o
    0x08002dc4   0x08002dc4   0x00000068   Code   RO          598    i.IIC_Send_Byte     gy30.o
    0x08002e2c   0x08002e2c   0x0000004c   Code   RO          599    i.IIC_Start         gy30.o
    0x08002e78   0x08002e78   0x0000004c   Code   RO          600    i.IIC_Stop          gy30.o
    0x08002ec4   0x08002ec4   0x00000064   Code   RO          601    i.IIC_Wait_Ack      gy30.o
    0x08002f28   0x08002f28   0x00000038   Code   RO          332    i.LED_Init          led.o
    0x08002f60   0x08002f60   0x00000104   Code   RO          707    i.LORA_Check        lora.o
    0x08003064   0x08003064   0x00000060   Code   RO          708    i.LORA_Init         lora.o
    0x080030c4   0x080030c4   0x00000354   Code   RO          709    i.LORA_Set_Mode     lora.o
    0x08003418   0x08003418   0x00000004   Code   RO          230    i.MemManage_Handler  stm32f10x_it.o
    0x0800341c   0x0800341c   0x00000044   Code   RO          602    i.Multiple_read_BH1750  gy30.o
    0x08003460   0x08003460   0x00000002   Code   RO          231    i.NMI_Handler       stm32f10x_it.o
    0x08003462   0x08003462   0x00000002   PAD
    0x08003464   0x08003464   0x00000070   Code   RO         1510    i.NVIC_Init         misc.o
    0x080034d4   0x080034d4   0x00000014   Code   RO         1511    i.NVIC_PriorityGroupConfig  misc.o
    0x080034e8   0x080034e8   0x00000088   Code   RO          710    i.Quer_Cmd          lora.o
    0x08003570   0x08003570   0x00000018   Code   RO         1130    i.RCC_ADCCLKConfig  stm32f10x_rcc.o
    0x08003588   0x08003588   0x00000020   Code   RO         1132    i.RCC_APB1PeriphClockCmd  stm32f10x_rcc.o
    0x080035a8   0x080035a8   0x00000020   Code   RO         1133    i.RCC_APB1PeriphResetCmd  stm32f10x_rcc.o
    0x080035c8   0x080035c8   0x00000020   Code   RO         1134    i.RCC_APB2PeriphClockCmd  stm32f10x_rcc.o
    0x080035e8   0x080035e8   0x00000020   Code   RO         1135    i.RCC_APB2PeriphResetCmd  stm32f10x_rcc.o
    0x08003608   0x08003608   0x000000d4   Code   RO         1142    i.RCC_GetClocksFreq  stm32f10x_rcc.o
    0x080036dc   0x080036dc   0x00000084   Code   RO          712    i.Send_Cmd          lora.o
    0x08003760   0x08003760   0x0000004a   Code   RO          713    i.Send_Data         lora.o
    0x080037aa   0x080037aa   0x00000008   Code   RO          298    i.SetSysClock       system_stm32f10x.o
    0x080037b2   0x080037b2   0x00000002   PAD
    0x080037b4   0x080037b4   0x000000e0   Code   RO          299    i.SetSysClockTo72   system_stm32f10x.o
    0x08003894   0x08003894   0x0000001a   Code   RO          603    i.Single_Write_BH1750  gy30.o
    0x080038ae   0x080038ae   0x00000028   Code   RO         1514    i.SysTick_CLKSourceConfig  misc.o
    0x080038d6   0x080038d6   0x00000010   Code   RO          879    i.SysTick_Handler   delay.o
    0x080038e6   0x080038e6   0x00000002   PAD
    0x080038e8   0x080038e8   0x00000060   Code   RO          301    i.SystemInit        system_stm32f10x.o
    0x08003948   0x08003948   0x0000002c   Code   RO          349    i.TIM3_IRQHandler   timer.o
    0x08003974   0x08003974   0x00000194   Code   RO          351    i.TIM4_IRQHandler   timer.o
    0x08003b08   0x08003b08   0x00000058   Code   RO          352    i.TIM4_Int_Init     timer.o
    0x08003b60   0x08003b60   0x00000006   Code   RO         1557    i.TIM_ClearITPendingBit  stm32f10x_tim.o
    0x08003b66   0x08003b66   0x00000018   Code   RO         1562    i.TIM_Cmd           stm32f10x_tim.o
    0x08003b7e   0x08003b7e   0x00000022   Code   RO         1583    i.TIM_GetITStatus   stm32f10x_tim.o
    0x08003ba0   0x08003ba0   0x00000012   Code   RO         1587    i.TIM_ITConfig      stm32f10x_tim.o
    0x08003bb2   0x08003bb2   0x00000004   Code   RO         1627    i.TIM_SetCounter    stm32f10x_tim.o
    0x08003bb6   0x08003bb6   0x00000002   PAD
    0x08003bb8   0x08003bb8   0x000000a4   Code   RO         1633    i.TIM_TimeBaseInit  stm32f10x_tim.o
    0x08003c5c   0x08003c5c   0x00000088   Code   RO          946    i.USART1_IRQHandler  usart.o
    0x08003ce4   0x08003ce4   0x00000028   Code   RO          773    i.USART2_IRQHandler  usart2.o
    0x08003d0c   0x08003d0c   0x00000070   Code   RO          812    i.USART3_IRQHandler  usart3.o
    0x08003d7c   0x08003d7c   0x00000018   Code   RO         1334    i.USART_Cmd         stm32f10x_usart.o
    0x08003d94   0x08003d94   0x0000009c   Code   RO         1336    i.USART_DeInit      stm32f10x_usart.o
    0x08003e30   0x08003e30   0x0000001a   Code   RO         1337    i.USART_GetFlagStatus  stm32f10x_usart.o
    0x08003e4a   0x08003e4a   0x00000054   Code   RO         1338    i.USART_GetITStatus  stm32f10x_usart.o
    0x08003e9e   0x08003e9e   0x0000004a   Code   RO         1340    i.USART_ITConfig    stm32f10x_usart.o
    0x08003ee8   0x08003ee8   0x000000d8   Code   RO         1341    i.USART_Init        stm32f10x_usart.o
    0x08003fc0   0x08003fc0   0x0000000a   Code   RO         1348    i.USART_ReceiveData  stm32f10x_usart.o
    0x08003fca   0x08003fca   0x00000008   Code   RO         1351    i.USART_SendData    stm32f10x_usart.o
    0x08003fd2   0x08003fd2   0x00000004   Code   RO          232    i.UsageFault_Handler  stm32f10x_it.o
    0x08003fd6   0x08003fd6   0x00000028   Code   RO         3897    i.__ARM_fpclassify  m_ws.l(fpclassify.o)
    0x08003ffe   0x08003ffe   0x0000000e   Code   RO         3674    i._is_digit         c_w.l(__printf_wp.o)
    0x0800400c   0x0800400c   0x00000004   Code   RO          947    i._sys_exit         usart.o
    0x08004010   0x08004010   0x00000016   Code   RO          445    i.delay_1us         ccs811.o
    0x08004026   0x08004026   0x00000002   PAD
    0x08004028   0x08004028   0x0000005c   Code   RO          880    i.delay_init        delay.o
    0x08004084   0x08004084   0x00000040   Code   RO          881    i.delay_ms          delay.o
    0x080040c4   0x080040c4   0x00000048   Code   RO          882    i.delay_us          delay.o
    0x0800410c   0x0800410c   0x00000018   Code   RO          883    i.delay_xms         delay.o
    0x08004124   0x08004124   0x0000001c   Code   RO          948    i.fputc             usart.o
    0x08004140   0x08004140   0x00000268   Code   RO            1    i.get_sensor_data_task  main.o
    0x080043a8   0x080043a8   0x00000020   Code   RO            2    i.led0_task         main.o
    0x080043c8   0x080043c8   0x0000007c   Code   RO            3    i.main              main.o
    0x08004444   0x08004444   0x0000002c   Code   RO         2317    i.mem_init          malloc.o
    0x08004470   0x08004470   0x0000002c   Code   RO         2319    i.mem_perused       malloc.o
    0x0800449c   0x0800449c   0x00000014   Code   RO         2323    i.mymemset          malloc.o
    0x080044b0   0x080044b0   0x000000c0   Code   RO         2966    i.prvAddCurrentTaskToDelayedList  tasks.o
    0x08004570   0x08004570   0x000000ec   Code   RO         2967    i.prvAddNewTaskToReadyList  tasks.o
    0x0800465c   0x0800465c   0x00000064   Code   RO         3350    i.prvCheckForValidListAndQueue  timers.o
    0x080046c0   0x080046c0   0x00000048   Code   RO         2968    i.prvCheckTasksWaitingTermination  tasks.o
    0x08004708   0x08004708   0x0000002a   Code   RO         2550    i.prvCopyDataFromQueue  queue.o
    0x08004732   0x08004732   0x0000007e   Code   RO         2551    i.prvCopyDataToQueue  queue.o
    0x080047b0   0x080047b0   0x00000012   Code   RO         2969    i.prvDeleteTCB      tasks.o
    0x080047c2   0x080047c2   0x00000014   Code   RO         2552    i.prvGetDisinheritPriorityAfterTimeout  queue.o
    0x080047d6   0x080047d6   0x00000002   PAD
    0x080047d8   0x080047d8   0x00000028   Code   RO         3351    i.prvGetNextExpireTime  timers.o
    0x08004800   0x08004800   0x0000007c   Code   RO         3512    i.prvHeapInit       heap_4.o
    0x0800487c   0x0800487c   0x00000028   Code   RO         2970    i.prvIdleTask       tasks.o
    0x080048a4   0x080048a4   0x0000002e   Code   RO         2554    i.prvInitialiseNewQueue  queue.o
    0x080048d2   0x080048d2   0x00000002   PAD
    0x080048d4   0x080048d4   0x000000f0   Code   RO         2971    i.prvInitialiseNewTask  tasks.o
    0x080049c4   0x080049c4   0x00000068   Code   RO         2972    i.prvInitialiseTaskLists  tasks.o
    0x08004a2c   0x08004a2c   0x00000068   Code   RO         3513    i.prvInsertBlockIntoFreeList  heap_4.o
    0x08004a94   0x08004a94   0x00000058   Code   RO         3353    i.prvInsertTimerInActiveList  timers.o
    0x08004aec   0x08004aec   0x0000001a   Code   RO         2555    i.prvIsQueueEmpty   queue.o
    0x08004b06   0x08004b06   0x0000001e   Code   RO         2556    i.prvIsQueueFull    queue.o
    0x08004b24   0x08004b24   0x000000b4   Code   RO         2557    i.prvNotifyQueueSetContainer  queue.o
    0x08004bd8   0x08004bd8   0x00000044   Code   RO         3354    i.prvProcessExpiredTimer  timers.o
    0x08004c1c   0x08004c1c   0x00000160   Code   RO         3355    i.prvProcessReceivedCommands  timers.o
    0x08004d7c   0x08004d7c   0x00000074   Code   RO         3356    i.prvProcessTimerOrBlockTask  timers.o
    0x08004df0   0x08004df0   0x00000028   Code   RO         3357    i.prvReloadTimer    timers.o
    0x08004e18   0x08004e18   0x00000030   Code   RO         2974    i.prvResetNextTaskUnblockTime  tasks.o
    0x08004e48   0x08004e48   0x0000002c   Code   RO         3358    i.prvSampleTimeNow  timers.o
    0x08004e74   0x08004e74   0x00000044   Code   RO         3359    i.prvSwitchTimerLists  timers.o
    0x08004eb8   0x08004eb8   0x00000070   Code   RO         3568    i.prvTaskExitError  port.o
    0x08004f28   0x08004f28   0x0000001e   Code   RO         2393    i.prvTestWaitCondition  event_groups.o
    0x08004f46   0x08004f46   0x0000001a   Code   RO         3360    i.prvTimerTask      timers.o
    0x08004f60   0x08004f60   0x00000090   Code   RO         2558    i.prvUnlockQueue    queue.o
    0x08004ff0   0x08004ff0   0x00000180   Code   RO         3514    i.pvPortMalloc      heap_4.o
    0x08005170   0x08005170   0x00000020   Code   RO         2978    i.pvTaskIncrementMutexHeldCount  tasks.o
    0x08005190   0x08005190   0x00000024   Code   RO         3569    i.pxPortInitialiseStack  port.o
    0x080051b4   0x080051b4   0x000000e8   Code   RO            4    i.start_task        main.o
    0x0800529c   0x0800529c   0x00000050   Code   RO          815    i.u3_printf         usart3.o
    0x080052ec   0x080052ec   0x00000020   Code   RO          816    i.u3_send_byte      usart3.o
    0x0800530c   0x0800530c   0x000000a4   Code   RO          950    i.uart_init         usart.o
    0x080053b0   0x080053b0   0x000000b8   Code   RO          817    i.usart3_init       usart3.o
    0x08005468   0x08005468   0x00000028   Code   RO         2510    i.uxListRemove      list.o
    0x08005490   0x08005490   0x0000001c   Code   RO         2986    i.uxTaskResetEventItemValue  tasks.o
    0x080054ac   0x080054ac   0x00000010   Code   RO         2397    i.vEventGroupSetBitsCallback  event_groups.o
    0x080054bc   0x080054bc   0x0000001a   Code   RO         2511    i.vListInitialise   list.o
    0x080054d6   0x080054d6   0x00000006   Code   RO         2512    i.vListInitialiseItem  list.o
    0x080054dc   0x080054dc   0x00000034   Code   RO         2513    i.vListInsert       list.o
    0x08005510   0x08005510   0x00000018   Code   RO         2514    i.vListInsertEnd    list.o
    0x08005528   0x08005528   0x00000088   Code   RO         3571    i.vPortEnterCritical  port.o
    0x080055b0   0x080055b0   0x00000070   Code   RO         3572    i.vPortExitCritical  port.o
    0x08005620   0x08005620   0x000000c8   Code   RO         3515    i.vPortFree         heap_4.o
    0x080056e8   0x080056e8   0x00000028   Code   RO         3573    i.vPortSetupTimerInterrupt  port.o
    0x08005710   0x08005710   0x000000a0   Code   RO         3574    i.vPortValidateInterruptPriority  port.o
    0x080057b0   0x080057b0   0x0000007c   Code   RO         2564    i.vQueueAddToRegistry  queue.o
    0x0800582c   0x0800582c   0x0000004a   Code   RO         2568    i.vQueueWaitForMessageRestricted  queue.o
    0x08005876   0x08005876   0x00000002   PAD
    0x08005878   0x08005878   0x00000074   Code   RO         2987    i.vTaskDelay        tasks.o
    0x080058ec   0x080058ec   0x00000114   Code   RO         2988    i.vTaskDelete       tasks.o
    0x08005a00   0x08005a00   0x00000018   Code   RO         2992    i.vTaskInternalSetTimeOutState  tasks.o
    0x08005a18   0x08005a18   0x0000000c   Code   RO         2994    i.vTaskMissedYield  tasks.o
    0x08005a24   0x08005a24   0x00000054   Code   RO         2995    i.vTaskPlaceOnEventList  tasks.o
    0x08005a78   0x08005a78   0x0000007c   Code   RO         2996    i.vTaskPlaceOnEventListRestricted  tasks.o
    0x08005af4   0x08005af4   0x000000a0   Code   RO         2997    i.vTaskPlaceOnUnorderedEventList  tasks.o
    0x08005b94   0x08005b94   0x00000128   Code   RO         2998    i.vTaskPriorityDisinheritAfterTimeout  tasks.o
    0x08005cbc   0x08005cbc   0x00000120   Code   RO         3000    i.vTaskRemoveFromUnorderedEventList  tasks.o
    0x08005ddc   0x08005ddc   0x000000b4   Code   RO         3004    i.vTaskStartScheduler  tasks.o
    0x08005e90   0x08005e90   0x00000010   Code   RO         3006    i.vTaskSuspendAll   tasks.o
    0x08005ea0   0x08005ea0   0x000000a8   Code   RO         3007    i.vTaskSwitchContext  tasks.o
    0x08005f48   0x08005f48   0x000000d0   Code   RO            5    i.wait_Startcmd_task  main.o
    0x08006018   0x08006018   0x0000001a   Code   RO         2401    i.xEventGroupCreate  event_groups.o
    0x08006032   0x08006032   0x00000002   PAD
    0x08006034   0x08006034   0x000000e8   Code   RO         2403    i.xEventGroupSetBits  event_groups.o
    0x0800611c   0x0800611c   0x00000024   Code   RO         2404    i.xEventGroupSetBitsFromISR  event_groups.o
    0x08006140   0x08006140   0x0000015c   Code   RO         2406    i.xEventGroupWaitBits  event_groups.o
    0x0800629c   0x0800629c   0x00000140   Code   RO         3575    i.xPortStartScheduler  port.o
    0x080063dc   0x080063dc   0x00000034   Code   RO         3576    i.xPortSysTickHandler  port.o
    0x08006410   0x08006410   0x00000080   Code   RO         2573    i.xQueueGenericCreate  queue.o
    0x08006490   0x08006490   0x000000ec   Code   RO         2574    i.xQueueGenericReset  queue.o
    0x0800657c   0x0800657c   0x000001d4   Code   RO         2575    i.xQueueGenericSend  queue.o
    0x08006750   0x08006750   0x00000134   Code   RO         2576    i.xQueueGenericSendFromISR  queue.o
    0x08006884   0x08006884   0x00000170   Code   RO         2583    i.xQueueReceive     queue.o
    0x080069f4   0x080069f4   0x000001b4   Code   RO         2588    i.xQueueSemaphoreTake  queue.o
    0x08006ba8   0x08006ba8   0x000000a0   Code   RO         3009    i.xTaskCheckForTimeOut  tasks.o
    0x08006c48   0x08006c48   0x00000060   Code   RO         3010    i.xTaskCreate       tasks.o
    0x08006ca8   0x08006ca8   0x00000020   Code   RO         3017    i.xTaskGetSchedulerState  tasks.o
    0x08006cc8   0x08006cc8   0x0000000c   Code   RO         3018    i.xTaskGetTickCount  tasks.o
    0x08006cd4   0x08006cd4   0x000001d4   Code   RO         3020    i.xTaskIncrementTick  tasks.o
    0x08006ea8   0x08006ea8   0x00000100   Code   RO         3021    i.xTaskPriorityDisinherit  tasks.o
    0x08006fa8   0x08006fa8   0x000000ec   Code   RO         3022    i.xTaskPriorityInherit  tasks.o
    0x08007094   0x08007094   0x0000013c   Code   RO         3023    i.xTaskRemoveFromEventList  tasks.o
    0x080071d0   0x080071d0   0x00000190   Code   RO         3024    i.xTaskResumeAll    tasks.o
    0x08007360   0x08007360   0x00000074   Code   RO         3368    i.xTimerCreateTimerTask  timers.o
    0x080073d4   0x080073d4   0x00000034   Code   RO         3375    i.xTimerPendFunctionCallFromISR  timers.o
    0x08007408   0x08007408   0x0000002c   Code   RO         3885    locale$$code        c_w.l(lc_numeric_c.o)
    0x08007434   0x08007434   0x0000002c   Code   RO         3905    locale$$code        c_w.l(lc_ctype_c.o)
    0x08007460   0x08007460   0x00000062   Code   RO         3709    x$fpl$d2f           fz_ws.l(d2f.o)
    0x080074c2   0x080074c2   0x00000002   PAD
    0x080074c4   0x080074c4   0x000002b0   Code   RO         3712    x$fpl$ddiv          fz_ws.l(ddiv.o)
    0x08007774   0x08007774   0x0000009c   Code   RO         3799    x$fpl$dnaninf       fz_ws.l(dnaninf.o)
    0x08007810   0x08007810   0x0000000c   Code   RO         3801    x$fpl$dretinf       fz_ws.l(dretinf.o)
    0x0800781c   0x0800781c   0x00000056   Code   RO         3715    x$fpl$f2d           fz_ws.l(f2d.o)
    0x08007872   0x08007872   0x00000002   PAD
    0x08007874   0x08007874   0x00000036   Code   RO         3717    x$fpl$ffix          fz_ws.l(ffix.o)
    0x080078aa   0x080078aa   0x00000002   PAD
    0x080078ac   0x080078ac   0x00000026   Code   RO         3721    x$fpl$ffltu         fz_ws.l(fflt_clz.o)
    0x080078d2   0x080078d2   0x0000008c   Code   RO         3803    x$fpl$fnaninf       fz_ws.l(fnaninf.o)
    0x0800795e   0x0800795e   0x0000000a   Code   RO         3805    x$fpl$fretinf       fz_ws.l(fretinf.o)
    0x08007968   0x08007968   0x00000004   Code   RO         3807    x$fpl$printf1       fz_ws.l(printf1.o)
    0x0800796c   0x0800796c   0x00000004   Code   RO         3809    x$fpl$printf2       fz_ws.l(printf2.o)
    0x08007970   0x08007970   0x00000000   Code   RO         3815    x$fpl$usenofp       fz_ws.l(usenofp.o)
    0x08007970   0x08007970   0x00000011   Data   RO         3682    .constdata          c_w.l(__printf_flags_ss_wp.o)
    0x08007981   0x08007981   0x00000003   PAD
    0x08007984   0x08007984   0x00000008   Data   RO         3747    .constdata          c_w.l(_printf_wctomb.o)
    0x0800798c   0x0800798c   0x00000028   Data   RO         3776    .constdata          c_w.l(_printf_hex_int_ll_ptr.o)
    0x080079b4   0x080079b4   0x00000026   Data   RO         3836    .constdata          c_w.l(_printf_fp_hex.o)
    0x080079da   0x080079da   0x00000002   PAD
    0x080079dc   0x080079dc   0x00000094   Data   RO         3860    .constdata          c_w.l(bigflt0.o)
    0x08007a70   0x08007a70   0x00000049   Data   RO          447    .conststring        ccs811.o
    0x08007ab9   0x08007ab9   0x00000003   PAD
    0x08007abc   0x08007abc   0x00000020   Data   RO         4027    Region$$Table       anon$$obj.o
    0x08007adc   0x08007adc   0x0000001c   Data   RO         3884    locale$$data        c_w.l(lc_numeric_c.o)
    0x08007af8   0x08007af8   0x00000110   Data   RO         3904    locale$$data        c_w.l(lc_ctype_c.o)


    Execution Region RW_IRAM1 (Exec base: 0x20000000, Load base: 0x08007c08, Size: 0x00004100, Max: 0x00005000, ABSOLUTE)

    Exec Addr    Load Addr    Size         Type   Attr      Idx    E Section Name        Object

    0x20000000   0x08007c08   0x00000018   Data   RW            6    .data               main.o
    0x20000018   0x08007c20   0x00000014   Data   RW          302    .data               system_stm32f10x.o
    0x2000002c   0x08007c34   0x00000004   Data   RW          353    .data               timer.o
    0x20000030   0x08007c38   0x00000006   Data   RW          448    .data               ccs811.o
    0x20000036   0x08007c3e   0x00000008   Data   RW          604    .data               gy30.o
    0x2000003e   0x08007c46   0x00000001   Data   RW          716    .data               lora.o
    0x2000003f   0x08007c47   0x00000001   PAD
    0x20000040   0x08007c48   0x00000009   Data   RW          819    .data               usart3.o
    0x20000049   0x08007c51   0x00000001   PAD
    0x2000004a   0x08007c52   0x00000004   Data   RW          884    .data               delay.o
    0x2000004e   0x08007c56   0x00000002   PAD
    0x20000050   0x08007c58   0x00000006   Data   RW          952    .data               usart.o
    0x20000056   0x08007c5e   0x00000014   Data   RW         1162    .data               stm32f10x_rcc.o
    0x2000006a   0x08007c72   0x00000002   PAD
    0x2000006c   0x08007c74   0x00000014   Data   RW         2327    .data               malloc.o
    0x20000080   0x08007c88   0x00000040   Data   RW         3027    .data               tasks.o
    0x200000c0   0x08007cc8   0x00000014   Data   RW         3377    .data               timers.o
    0x200000d4   0x08007cdc   0x00000020   Data   RW         3521    .data               heap_4.o
    0x200000f4   0x08007cfc   0x0000000c   Data   RW         3577    .data               port.o
    0x20000100        -       0x00000020   Zero   RW          446    .bss                ccs811.o
    0x20000120        -       0x000003e8   Zero   RW          818    .bss                usart3.o
    0x20000508        -       0x000000c8   Zero   RW          951    .bss                usart.o
    0x200005d0        -       0x00000d80   Zero   RW         2325    .bss                malloc.o
    0x20001350        -       0x00000040   Zero   RW         2590    .bss                queue.o
    0x20001390        -       0x000002e4   Zero   RW         3026    .bss                tasks.o
    0x20001674        -       0x00000028   Zero   RW         3376    .bss                timers.o
    0x2000169c        -       0x00002400   Zero   RW         3520    .bss                heap_4.o
    0x20003a9c        -       0x00000060   Zero   RW         3900    .bss                c_w.l(libspace.o)
    0x20003afc   0x08007d08   0x00000004   PAD
    0x20003b00        -       0x00000200   Zero   RW         1010    HEAP                startup_stm32f10x_md.o
    0x20003d00        -       0x00000400   Zero   RW         1009    STACK               startup_stm32f10x_md.o


==============================================================================

Image component sizes


      Code (inc. data)   RO Data    RW Data    ZI Data      Debug   Object Name

       238         14          0          0          0       1759   adc.o
      1778        300         73          6         32       9914   ccs811.o
       268         26          0          4          0       2825   delay.o
       516         70          0          0          0       4465   dht11.o
       688        102          0          0          0      20604   event_groups.o
       998        134          0          8          0      10435   gy30.o
       812        186          0         32       9216       3943   heap_4.o
        56          6          0          0          0        483   led.o
       148          0          0          0          0       3102   list.o
      1574        778          0          1          0       4952   lora.o
      1212        410          0         24          0     299765   main.o
       108         12          0         20       3456       2754   malloc.o
       172         22          0          0          0       2041   misc.o
      1118        378          0         12          0      10105   port.o
      2756        320          0          0         64      17136   queue.o
        64         26        236          0       1536        792   startup_stm32f10x_md.o
       486         24          0          0          0       8550   stm32f10x_adc.o
       448          6          0          0          0       4474   stm32f10x_gpio.o
        20          0          0          0          0       2457   stm32f10x_it.o
       364         50          0         20          0       6083   stm32f10x_rcc.o
       250         42          0          0          0       4059   stm32f10x_tim.o
       598         28          0          0          0       6748   stm32f10x_usart.o
         0          0          0          0          0         32   sys.o
       328         28          0         20          0       2065   system_stm32f10x.o
      4730        998          0         64        740      36716   tasks.o
       536        146          0          4          0       2047   timer.o
      1110        194          0         20         40      11492   timers.o
       332         28          0          6        200       4152   usart.o
        40          8          0          0          0       1084   usart2.o
       476         50          0          9       1000       4303   usart3.o

    ----------------------------------------------------------------------
     22254       4386        344        256      16284     489337   Object Totals
         0          0         32          0          0          0   (incl. Generated)
        30          0          3          6          0          0   (incl. Padding)

    ----------------------------------------------------------------------

      Code (inc. data)   RO Data    RW Data    ZI Data      Debug   Library Member Name

        24          4          0          0          0         84   __2printf.o
         8          0          0          0          0         68   __main.o
       392          4         17          0          0         92   __printf_flags_ss_wp.o
        14          0          0          0          0         68   __printf_wp.o
         0          0          0          0          0          0   __rtentry.o
        12          0          0          0          0          0   __rtentry2.o
         6          0          0          0          0          0   __rtentry4.o
        52          8          0          0          0          0   __scatter.o
        26          0          0          0          0          0   __scatter_copy.o
        28          0          0          0          0          0   __scatter_zi.o
         6          0          0          0          0          0   _printf_a.o
         6          0          0          0          0          0   _printf_c.o
        44          0          0          0          0        108   _printf_char.o
        48          6          0          0          0         96   _printf_char_common.o
        36          4          0          0          0         80   _printf_char_file.o
        40          0          0          0          0         68   _printf_charcount.o
         6          0          0          0          0          0   _printf_d.o
       120         16          0          0          0         92   _printf_dec.o
         6          0          0          0          0          0   _printf_e.o
         6          0          0          0          0          0   _printf_f.o
      1054          0          0          0          0        216   _printf_fp_dec.o
       764          8         38          0          0        100   _printf_fp_hex.o
       128         16          0          0          0         84   _printf_fp_infnan.o
         6          0          0          0          0          0   _printf_g.o
       148          4         40          0          0        160   _printf_hex_int_ll_ptr.o
         6          0          0          0          0          0   _printf_i.o
       178          0          0          0          0         88   _printf_intcommon.o
        10          0          0          0          0          0   _printf_l.o
         6          0          0          0          0          0   _printf_lc.o
        10          0          0          0          0          0   _printf_ll.o
         6          0          0          0          0          0   _printf_lld.o
         6          0          0          0          0          0   _printf_lli.o
         6          0          0          0          0          0   _printf_llo.o
         6          0          0          0          0          0   _printf_llu.o
         6          0          0          0          0          0   _printf_llx.o
       124         16          0          0          0         92   _printf_longlong_dec.o
         6          0          0          0          0          0   _printf_ls.o
         6          0          0          0          0          0   _printf_n.o
         6          0          0          0          0          0   _printf_o.o
       112         10          0          0          0        124   _printf_oct_int_ll.o
         6          0          0          0          0          0   _printf_p.o
        78          0          0          0          0        108   _printf_pad.o
         0          0          0          0          0          0   _printf_percent.o
         4          0          0          0          0          0   _printf_percent_end.o
         6          0          0          0          0          0   _printf_s.o
        82          0          0          0          0         80   _printf_str.o
        36          0          0          0          0         84   _printf_truncate.o
         6          0          0          0          0          0   _printf_u.o
        44          0          0          0          0        108   _printf_wchar.o
       188          6          8          0          0         92   _printf_wctomb.o
         6          0          0          0          0          0   _printf_x.o
        10          0          0          0          0         68   _sputc.o
        64          0          0          0          0         92   _wcrtomb.o
        16          0          0          0          0         68   aeabi_memset.o
       228          4        148          0          0         96   bigflt0.o
      1936        128          0          0          0        672   btod.o
        18          0          0          0          0         80   exit.o
         8          0          0          0          0         68   ferror.o
         6          0          0          0          0        152   heapauxi.o
        44         10        272          0          0         76   lc_ctype_c.o
        44         10         28          0          0         76   lc_numeric_c.o
         2          0          0          0          0          0   libinit.o
        30          0          0          0          0          0   libinit2.o
         2          0          0          0          0          0   libshutdown.o
         2          0          0          0          0          0   libshutdown2.o
         8          4          0          0         96         68   libspace.o
       138          0          0          0          0         80   lludiv10.o
        16          4          0          0          0         76   rt_ctype_table.o
         8          4          0          0          0         68   rt_locale_intlibspace.o
        68          0          0          0          0         68   rt_memclr.o
        78          0          0          0          0         80   rt_memclr_w.o
       138          0          0          0          0         68   rt_memcpy_v6.o
       100          0          0          0          0         80   rt_memcpy_w.o
         2          0          0          0          0          0   rtexit.o
        10          0          0          0          0          0   rtexit2.o
       128          0          0          0          0         68   strcmpv7m.o
        62          0          0          0          0         76   strlen.o
        36          0          0          0          0         80   strstr.o
        74          0          0          0          0         80   sys_stackheap_outer.o
         2          0          0          0          0         68   use_no_semi.o
         2          0          0          0          0         68   use_no_semi_2.o
        36          4          0          0          0         76   vsprintf.o
        98          4          0          0          0         92   d2f.o
       688        140          0          0          0        208   ddiv.o
       156          4          0          0          0         92   dnaninf.o
        12          0          0          0          0         68   dretinf.o
        86          4          0          0          0         84   f2d.o
        54          4          0          0          0         84   ffix.o
        38          0          0          0          0         68   fflt_clz.o
       140          4          0          0          0         84   fnaninf.o
        10          0          0          0          0         68   fretinf.o
         4          0          0          0          0         68   printf1.o
         4          0          0          0          0         68   printf2.o
         0          0          0          0          0          0   usenofp.o
        40          0          0          0          0         68   fpclassify.o

    ----------------------------------------------------------------------
      8598        430        556          0        100       5696   Library Totals
        22          0          5          0          4          0   (incl. Padding)

    ----------------------------------------------------------------------

      Code (inc. data)   RO Data    RW Data    ZI Data      Debug   Library Name

      7246        270        551          0         96       4644   c_w.l
      1290        160          0          0          0        984   fz_ws.l
        40          0          0          0          0         68   m_ws.l

    ----------------------------------------------------------------------
      8598        430        556          0        100       5696   Library Totals

    ----------------------------------------------------------------------

==============================================================================


      Code (inc. data)   RO Data    RW Data    ZI Data      Debug   

     30852       4816        900        256      16384     481197   Grand Totals
     30852       4816        900        256      16384     481197   ELF Image Totals
     30852       4816        900        256          0          0   ROM Totals

==============================================================================

    Total RO  Size (Code + RO Data)                31752 (  31.01kB)
    Total RW  Size (RW Data + ZI Data)             16640 (  16.25kB)
    Total ROM Size (Code + RO Data + RW Data)      32008 (  31.26kB)

==============================================================================

